=== ECOSYS P0.4 LEGACY GFORTRAN FULL-RUN DRIVER ===
  Deck source: D:\ecosys-evidence\legacy\staged_deck
  Executable: D:\ecosys-evidence\legacy\ecosys_oracle.exe
  Output directory base: D:\ecosys-evidence\legacy\p04-full-campaign
  Core affinity mask: 0x1
  Runs requested: 3
  Timeout per run: 21600.0s
  Dry-run: False
  Machine lock path: D:\ecosys-modernization\.agent\locks\machine.lock
  Heartbeat path: D:\ecosys-modernization\audit\runs\p04-full-campaign\heartbeat.json
Acquiring exclusive machine lock: D:\ecosys-modernization\.agent\locks\machine.lock
Heartbeat path: D:\ecosys-modernization\audit\runs\p04-full-campaign\heartbeat.json

--- [Iteration 1/3] Starting Warmup ---
  [Warmup] Staging warmup directory: D:\ecosys-evidence\legacy\p04-full-campaign\warmup_1
  [Warmup] Completed in 15.682s; discarded warmup directory.
--- [Iteration 1/3] Starting Timed Run ---
  [Timed Run run_1] Staging run directory: D:\ecosys-evidence\legacy\p04-full-campaign\run_1
  Run 1 completed in 5758.517s

--- [Iteration 2/3] Starting Warmup ---
  [Warmup] Staging warmup directory: D:\ecosys-evidence\legacy\p04-full-campaign\warmup_2
  [Warmup] Completed in 23.343s; discarded warmup directory.
--- [Iteration 2/3] Starting Timed Run ---
  [Timed Run run_2] Staging run directory: D:\ecosys-evidence\legacy\p04-full-campaign\run_2
  Run 2 completed in 5605.57s

--- [Iteration 3/3] Starting Warmup ---
  [Warmup] Staging warmup directory: D:\ecosys-evidence\legacy\p04-full-campaign\warmup_3
  [Warmup] Completed in 15.421s; discarded warmup directory.
--- [Iteration 3/3] Starting Timed Run ---
  [Timed Run run_3] Staging run directory: D:\ecosys-evidence\legacy\p04-full-campaign\run_3
  Run 3 completed in 5577.226s

Full execution receipt written to D:\ecosys-modernization\audit\runs\p04_full_run_receipt.json
{
  "status": "ALL_RUNS_COMPLETED",
  "runs_completed": 3,
  "median_seconds": 5605.57,
  "spread_seconds": 181.291,
  "deterministic": true,
  "output_files_per_run": 1071
}
