BEGIN_OUTPUT_K=1
hydrogen   1.00000000000000005E-04
hydroxide   9.99999999999999912E-05
aluminum   4.81320282212734696E-07
iron   1.85680840016086726E-08
calcium   4.35234902267875659E-02
magnesium   1.92189080897715928E-02
sodium   2.99497305147766006E-02
potassium   9.98410789332191025E-03
sulfate   3.36565821232434753E-02
chloride   2.99999999999999989E-02
carbonate   4.88914599049841621E-05
bicarbonate   8.73061784017574311E-02
aluminum_monohydroxide   3.36942795005019526E-05
aluminum_dihydroxide   1.34868549971235360E-03
aluminum_trihydroxide   2.35448123886178610E-03
aluminum_tetrahydroxide   6.26250841193454026E-03
aluminum_sulfate   1.49249708641129683E-07
iron_monohydroxide   1.35114828699691782E-05
iron_dihydroxide   9.12068169701512428E-04
iron_trihydroxide   1.08928252277723904E-03
iron_tetrahydroxide   2.98509741940557139E-03
iron_sulfate   6.70262730852346012E-09
calcium_hydroxide   3.61655557907725823E-07
calcium_carbonate   3.94549220097343813E-05
calcium_bicarbonate   6.65230664722390791E-04
calcium_sulfate   5.66546148242687460E-03
magnesium_hydroxide   7.29349133056776706E-07
magnesium_carbonate   4.81978791840334143E-06
magnesium_bicarbonate   2.75609989210065745E-05
magnesium_sulfate   6.24011974288772109E-04
sodium_carbonate   1.23731241964881953E-05
sodium_sulfate   3.78963610269102149E-05
potassium_sulfate   1.58921066781166404E-05
phosphate   1.99480984599446558E-09
phosphoric_acid   1.86184661980476513E-07
iron_hydrogen_phosphate   3.78348714413449232E-10
iron_dihydrogen_phosphate   1.47561857284697133E-08
calcium_phosphate   9.99999999999999974E-49
calcium_hydrogen_phosphate   8.25426852134211563E-05
calcium_dihydrogen_phosphate   2.34583632821389136E-05
magnesium_hydrogen_phosphate   1.23969799967174377E-04
nh4_n   2.49574946385317825E-01
nh3_n   4.25053614682750715E-04
no3_n   7.50000000000000000E-01
hpo4_p   3.76598902127638357E-02
h2po4_p   1.55204710750697500E-01
co2_c   2.49446224005021228E-01
END_OUTPUT_K=1
BEGIN_OUTPUT_K=2
hydrogen   3.16227766016837953E-05
hydroxide   3.16227766016837939E-04
aluminum   9.99999999999999974E-49
iron   1.68229300882152028E-48
calcium   8.46804041690484705E-02
magnesium   4.70625667993819080E-02
sodium   7.96611154795894699E-02
potassium   1.96853579917303338E-02
sulfate   5.46227077687409523E-02
chloride   5.00000000000000028E-02
carbonate   4.88914599049841540E-04
bicarbonate   2.76086377554552564E-01
aluminum_monohydroxide   3.40115159257835319E-48
aluminum_dihydroxide   7.56163477067631240E-47
aluminum_trihydroxide   4.45455887976585942E-47
aluminum_tetrahydroxide   8.06347621087672571E-47
aluminum_sulfate   9.99999999999999974E-49
iron_monohydroxide   4.94562162331157157E-48
iron_dihydroxide   1.17446879726416427E-46
iron_trihydroxide   1.26721298597283095E-46
iron_tetrahydroxide   1.07365905360705520E-46
iron_sulfate   9.99999999999999974E-49
calcium_hydroxide   6.33239687481630448E-05
calcium_carbonate   5.95645065422808454E-04
calcium_bicarbonate   1.14931030890024679E-02
calcium_sulfate   2.92714026946405128E-03
magnesium_hydroxide   3.28538518360750243E-05
magnesium_carbonate   5.95918988205421839E-05
magnesium_bicarbonate   7.60829607587574846E-04
magnesium_sulfate   1.92912261442910972E-03
sodium_carbonate   1.32497181314320195E-04
sodium_sulfate   2.06387339096331839E-04
potassium_sulfate   3.14642008269628323E-04
phosphate   3.44538849714675811E-09
phosphoric_acid   2.98005841631859534E-06
iron_hydrogen_phosphate   9.99999999999999974E-49
iron_dihydrogen_phosphate   4.37151050818681653E-48
calcium_phosphate   9.99999999999999974E-49
calcium_hydrogen_phosphate   2.18772959070974709E-04
calcium_dihydrogen_phosphate   2.16104792431306584E-05
magnesium_hydrogen_phosphate   1.55035227944856223E-04
nh4_n   9.99154889949341873E-01
nh3_n   8.45110050649926572E-04
no3_n   2.00000000000000000E+00
hpo4_p   1.23467858014450968E-01
h2po4_p   3.64181674713572934E-01
co2_c   2.49446224005021228E-01
END_OUTPUT_K=2
