1/52 module_index.test_0...OK
2/52 index.atmosphere_test_index.test_0...OK
3/52 index.canopy_test_index.test_0...OK
4/52 index.chemistry_test_index.test_0...OK
5/52 index.core_test_index.test_0...OK
6/52 index.driver_test_index.test_0...OK
7/52 index.erosion_test_index.test_0...OK
8/52 index.grid_cell_test_index.test_0...OK
9/52 index.io_test_index.test_0...OK
10/52 index.management_test_index.test_0...OK
11/52 index.plant_test_index.test_0...OK
12/52 index.redistribution_test_index.test_0...OK
13/52 index.soil_test_index.test_0...OK
14/52 index.state_test_index.test_0...OK
15/52 index.surface_test_index.test_0...OK
16/52 index.transport_test_index.test_0...OK
17/52 index.validation_test_index.test_0...OK
18/52 validation.landscape_boundary_balance.test_0...OK
19/52 validation.landscape_mass_inventory.test_0...OK
20/52 validation.mass_balance_audit.test_0...OK
21/52 validation.soil_water_retention_validation.test_0...OK
22/52 surface.litter_chemistry.test_0...OK
23/52 state.grid_environment.test_0...OK
24/52 state.plant_assignment.test_0...OK
25/52 state.topography.test_0...OK
26/52 soil.gas.coupled_gas_solver.test_0...OK
27/52 soil.chemistry.snow_initialization.test.T-00060 matched-state STARTE oracle test for K=1 and K=2 dynamic inputs...BEGIN_ZIG_K1
aluminum 1.4835799469326032e-7
iron 8.517604641005434e-12
hydrogen 1e-4
calcium 4.5248775027124065e-2
magnesium 1.763188690750892e-2
sodium 2.9995757552504252e-2
potassium 9.988371773481558e-3
hydroxide 9.999999999999999e-5
sulfate 3.513837028960202e-2
chloride 3e-2
carbonate 4.889145990498415e-5
bicarbonate 8.730617840175742e-2
aluminum_monohydroxide 9.76131581597591e-6
aluminum_dihydroxide 4.187670888273637e-4
aluminum_trihydroxide 6.797361387585809e-4
aluminum_tetrahydroxide 1.8823870045714878e-3
aluminum_sulfate 4.1437704304208497e-8
iron_monohydroxide 5.241921546975831e-9
iron_dihydroxide 4.334482326277767e-7
iron_trihydroxide 3.416259788779783e-7
iron_tetrahydroxide 1.2075529203945943e-6
iron_sulfate 2.3406062694250954e-12
calcium_hydroxide 7.070262789789968e-7
calcium_carbonate 3.911316824588549e-5
calcium_bicarbonate 6.399465437398252e-4
calcium_sulfate 3.8569734678015103e-3
magnesium_hydroxide 2.78224614355765e-6
magnesium_carbonate 2.0718791400270493e-6
magnesium_bicarbonate 1.3488173242055983e-3
magnesium_sulfate 9.90552729548008e-4
sodium_carbonate 5.068031670881562e-6
sodium_sulfate 2.433846485151162e-6
potassium_sulfate 1.162822651844054e-5
phosphate 2.0919034238654925e-9
phosphoric_acid 1.2919156175132928e-5
iron_hydrogen_phosphate 4.5460432053274554e-13
iron_dihydrogen_phosphate 7.351058426348177e-12
calcium_phosphate 1e-48
calcium_hydrogen_phosphate 8.160414605755926e-5
calcium_dihydrogen_phosphate 4.566396827393893e-4
magnesium_hydrogen_phosphate 5.280776146093203e-5
nh4_n 2.495746494051277e-1
nh3_n 4.2535059487200236e-4
no3_n 7.5e-1
hpo4_p 3.902119536255626e-2
h2po4_p 1.4225564640703892e-1
co2_c 2.494462240050212e-1
END_ZIG_K1
actual 0.000000000008517604641005434, not within relative tolerance 0.000000000001 of expected 0.000000000009124573823082254
FAIL (TestExpectedApproxEqRel)
C:\Users\symon.mezbahuddin\scoop\apps\zig\0.16.0\lib\std\testing.zig:336:13: 0x7ff73507b944 in expectApproxEqRelInner__anon_68800 (test_zcu.obj)
            return error.TestExpectedApproxEqRel;
            ^
C:\Users\symon.mezbahuddin\scoop\apps\zig\0.16.0\lib\std\testing.zig:329: 0x7ff73507c8f3 in expectApproxEqRel (test_zcu.obj)
    return expectApproxEqRelInner(T, expected, actual, tolerance);

C:\Users\symon.mezbahuddin\scoop\apps\zig\0.16.0\lib\std\testing.zig:329: 0x7ff73507c8f3 in expectApproxEqRel (test_zcu.obj)
    return expectApproxEqRelInner(T, expected, actual, tolerance);

C:\Users\symon.mezbahuddin\scoop\apps\zig\0.16.0\lib\std\testing.zig:329: 0x7ff73507c8f3 in expectApproxEqRel (test_zcu.obj)
    return expectApproxEqRelInner(T, expected, actual, tolerance);

C:\Users\symon.mezbahuddin\scoop\apps\zig\0.16.0\lib\std\testing.zig:329: 0x7ff73507c8f3 in expectApproxEqRel (test_zcu.obj)
    return expectApproxEqRelInner(T, expected, actual, tolerance);

C:\Users\symon.mezbahuddin\scoop\apps\zig\0.16.0\lib\std\testing.zig:329: 0x7ff73507c8f3 in expectApproxEqRel (test_zcu.obj)
    return expectApproxEqRelInner(T, expected, actual, tolerance);

C:\Users\symon.mezbahuddin\scoop\apps\zig\0.16.0\lib\std\testing.zig:329: 0x7ff73507c8f3 in expectApproxEqRel (test_zcu.obj)
    return expectApproxEqRelInner(T, expected, actual, tolerance);

C:\Users\symon.mezbahuddin\scoop\apps\zig\0.16.0\lib\std\testing.zig:329: 0x7ff73507c8f3 in expectApproxEqRel (test_zcu.obj)
    return expectApproxEqRelInner(T, expected, actual, tolerance);

C:\Users\symon.mezbahuddin\scoop\apps\zig\0.16.0\lib\std\testing.zig:329: 0x7ff73507c8f3 in expectApproxEqRel (test_zcu.obj)
    return expectApproxEqRelInner(T, expected, actual, tolerance);

C:\Users\symon.mezbahuddin\scoop\apps\zig\0.16.0\lib\std\testing.zig:329: 0x7ff73507c8f3 in expectApproxEqRel (test_zcu.obj)
    return expectApproxEqRelInner(T, expected, actual, tolerance);

C:\Users\symon.mezbahuddin\scoop\apps\zig\0.16.0\lib\std\testing.zig:329: 0x7ff73507c8f3 in expectApproxEqRel (test_zcu.obj)
    return expectApproxEqRelInner(T, expected, actual, tolerance);

C:\Users\symon.mezbahuddin\scoop\apps\zig\0.16.0\lib\std\testing.zig:329: 0x7ff73507c8f3 in expectApproxEqRel (test_zcu.obj)
    return expectApproxEqRelInner(T, expected, actual, tolerance);

C:\Users\symon.mezbahuddin\scoop\apps\zig\0.16.0\lib\std\testing.zig:329: 0x7ff73507c8f3 in expectApproxEqRel (test_zcu.obj)
    return expectApproxEqRelInner(T, expected, actual, tolerance);

C:\Users\symon.mezbahuddin\scoop\apps\zig\0.16.0\lib\std\testing.zig:329: 0x7ff73507c8f3 in expectApproxEqRel (test_zcu.obj)
    return expectApproxEqRelInner(T, expected, actual, tolerance);

C:\Users\symon.mezbahuddin\scoop\apps\zig\0.16.0\lib\std\testing.zig:329: 0x7ff73507c8f3 in expectApproxEqRel (test_zcu.obj)
    return expectApproxEqRelInner(T, expected, actual, tolerance);

C:\Users\symon.mezbahuddin\scoop\apps\zig\0.16.0\lib\std\testing.zig:329: 0x7ff73507c8f3 in expectApproxEqRel (test_zcu.obj)
    return expectApproxEqRelInner(T, expected, actual, tolerance);

C:\Users\symon.mezbahuddin\scoop\apps\zig\0.16.0\lib\std\testing.zig:329: 0x7ff73507c8f3 in expectApproxEqRel (test_zcu.obj)
    return expectApproxEqRelInner(T, expected, actual, tolerance);

C:\Users\symon.mezbahuddin\scoop\apps\zig\0.16.0\lib\std\testing.zig:329: 0x7ff73507c8f3 in expectApproxEqRel (test_zcu.obj)
    return expectApproxEqRelInner(T, expected, actual, tolerance);

C:\Users\symon.mezbahuddin\scoop\apps\zig\0.16.0\lib\std\testing.zig:329: 0x7ff73507c8f3 in expectApproxEqRel (test_zcu.obj)
    return expectApproxEqRelInner(T, expected, actual, tolerance);

C:\Users\symon.mezbahuddin\scoop\apps\zig\0.16.0\lib\std\testing.zig:329: 0x7ff73507c8f3 in expectApproxEqRel (test_zcu.obj)
    return expectApproxEqRelInner(T, expected, actual, tolerance);

C:\Users\symon.mezbahuddin\scoop\apps\zig\0.16.0\lib\std\testing.zig:329: 0x7ff73507c8f3 in expectApproxEqRel (test_zcu.obj)
    return expectApproxEqRelInner(T, expected, actual, tolerance);

C:\Users\symon.mezbahuddin\scoop\apps\zig\0.16.0\lib\std\testing.zig:329: 0x7ff73507c8f3 in expectApproxEqRel (test_zcu.obj)
    return expectApproxEqRelInner(T, expected, actual, tolerance);

C:\Users\symon.mezbahuddin\scoop\apps\zig\0.16.0\lib\std\testing.zig:329: 0x7ff73507c8f3 in expectApproxEqRel (test_zcu.obj)
    return expectApproxEqRelInner(T, expected, actual, tolerance);

C:\Users\symon.mezbahuddin\scoop\apps\zig\0.16.0\lib\std\testing.zig:329: 0x7ff73507c8f3 in expectApproxEqRel (test_zcu.obj)
    return expectApproxEqRelInner(T, expected, actual, tolerance);

C:\Users\symon.mezbahuddin\scoop\apps\zig\0.16.0\lib\std\testing.zig:329: 0x7ff73507c8f3 in expectApproxEqRel (test_zcu.obj)
    return expectApproxEqRelInner(T, expected, actual, tolerance);

C:\Users\symon.mezbahuddin\scoop\apps\zig\0.16.0\lib\std\testing.zig:329: 0x7ff73507c8f3 in expectApproxEqRel (test_zcu.obj)
    return expectApproxEqRelInner(T, expected, actual, tolerance);

C:\Users\symon.mezbahuddin\scoop\apps\zig\0.16.0\lib\std\testing.zig:329: 0x7ff73507c8f3 in expectApproxEqRel (test_zcu.obj)
    return expectApproxEqRelInner(T, expected, actual, tolerance);

C:\Users\symon.mezbahuddin\scoop\apps\zig\0.16.0\lib\std\testing.zig:329: 0x7ff73507c8f3 in expectApproxEqRel (test_zcu.obj)
    return expectApproxEqRelInner(T, expected, actual, tolerance);

C:\Users\symon.mezbahuddin\scoop\apps\zig\0.16.0\lib\std\testing.zig:329: 0x7ff73507c8f3 in expectApproxEqRel (test_zcu.obj)
    return expectApproxEqRelInner(T, expected, actual, tolerance);

C:\Users\symon.mezbahuddin\scoop\apps\zig\0.16.0\lib\std\testing.zig:329: 0x7ff73507c8f3 in expectApproxEqRel (test_zcu.obj)
    return expectApproxEqRelInner(T, expected, actual, tolerance);

C:\Users\symon.mezbahuddin\scoop\apps\zig\0.16.0\lib\std\testing.zig:329: 0x7ff73507c8f3 in expectApproxEqRel (test_zcu.obj)
    return expectApproxEqRelInner(T, expected, actual, tolerance);

C:\Users\symon.mezbahuddin\scoop\apps\zig\0.16.0\lib\std\testing.zig:329: 0x7ff73507c8f3 in expectApproxEqRel (test_zcu.obj)
    return expectApproxEqRelInner(T, expected, actual, tolerance);

C:\Users\symon.mezbahuddin\scoop\apps\zig\0.16.0\lib\std\testing.zig:329: 0x7ff73507c8f3 in expectApproxEqRel (test_zcu.obj)
    return expectApproxEqRelInner(T, expected, actual, tolerance);

C:\Users\symon.mezbahuddin\scoop\apps\zig\0.16.0\lib\std\testing.zig:329: 0x7ff73507c8f3 in expectApproxEqRel (test_zcu.obj)
    return expectApproxEqRelInner(T, expected, actual, tolerance);

C:\Users\symon.mezbahuddin\scoop\apps\zig\0.16.0\lib\std\testing.zig:329: 0x7ff73507c8f3 in expectApproxEqRel (test_zcu.obj)
    return expectApproxEqRelInner(T, expected, actual, tolerance);

C:\Users\symon.mezbahuddin\scoop\apps\zig\0.16.0\lib\std\testing.zig:329: 0x7ff73507c8f3 in expectApproxEqRel (test_zcu.obj)
    return expectApproxEqRelInner(T, expected, actual, tolerance);

C:\Users\symon.mezbahuddin\scoop\apps\zig\0.16.0\lib\std\testing.zig:329: 0x7ff73507c8f3 in expectApproxEqRel (test_zcu.obj)
    return expectApproxEqRelInner(T, expected, actual, tolerance);

C:\Users\symon.mezbahuddin\scoop\apps\zig\0.16.0\lib\std\testing.zig:329: 0x7ff73507c8f3 in expectApproxEqRel (test_zcu.obj)
    return expectApproxEqRelInner(T, expected, actual, tolerance);

C:\Users\symon.mezbahuddin\scoop\apps\zig\0.16.0\lib\std\testing.zig:329: 0x7ff73507c8f3 in expectApproxEqRel (test_zcu.obj)
    return expectApproxEqRelInner(T, expected, actual, tolerance);

C:\Users\symon.mezbahuddin\scoop\apps\zig\0.16.0\lib\std\testing.zig:329: 0x7ff73507c8f3 in expectApproxEqRel (test_zcu.obj)
    return expectApproxEqRelInner(T, expected, actual, tolerance);

C:\Users\symon.mezbahuddin\scoop\apps\zig\0.16.0\lib\std\testing.zig:329: 0x7ff73507c8f3 in expectApproxEqRel (test_zcu.obj)
    return expectApproxEqRelInner(T, expected, actual, tolerance);

C:\Users\symon.mezbahuddin\scoop\apps\zig\0.16.0\lib\std\testing.zig:329: 0x7ff73507c8f3 in expectApproxEqRel (test_zcu.obj)
    return expectApproxEqRelInner(T, expected, actual, tolerance);

C:\Users\symon.mezbahuddin\scoop\apps\zig\0.16.0\lib\std\testing.zig:329: 0x7ff73507c8f3 in expectApproxEqRel (test_zcu.obj)
    return expectApproxEqRelInner(T, expected, actual, tolerance);

C:\Users\symon.mezbahuddin\scoop\apps\zig\0.16.0\lib\std\testing.zig:329: 0x7ff73507c8f3 in expectApproxEqRel (test_zcu.obj)
    return expectApproxEqRelInner(T, expected, actual, tolerance);

C:\Users\symon.mezbahuddin\scoop\apps\zig\0.16.0\lib\std\testing.zig:329: 0x7ff73507c8f3 in expectApproxEqRel (test_zcu.obj)
    return expectApproxEqRelInner(T, expected, actual, tolerance);

C:\Users\symon.mezbahuddin\scoop\apps\zig\0.16.0\lib\std\testing.zig:329: 0x7ff73507c8f3 in expectApproxEqRel (test_zcu.obj)
    return expectApproxEqRelInner(T, expected, actual, tolerance);

C:\Users\symon.mezbahuddin\scoop\apps\zig\0.16.0\lib\std\testing.zig:329: 0x7ff73507c8f3 in expectApproxEqRel (test_zcu.obj)
    return expectApproxEqRelInner(T, expected, actual, tolerance);

C:\Users\symon.mezbahuddin\scoop\apps\zig\0.16.0\lib\std\testing.zig:329: 0x7ff73507c8f3 in expectApproxEqRel (test_zcu.obj)
    return expectApproxEqRelInner(T, expected, actual, tolerance);

C:\Users\symon.mezbahuddin\scoop\apps\zig\0.16.0\lib\std\testing.zig:329: 0x7ff73507c8f3 in expectApproxEqRel (test_zcu.obj)
    return expectApproxEqRelInner(T, expected, actual, tolerance);

C:\Users\symon.mezbahuddin\scoop\apps\zig\0.16.0\lib\std\testing.zig:329: 0x7ff73507c8f3 in expectApproxEqRel (test_zcu.obj)
    return expectApproxEqRelInner(T, expected, actual, tolerance);

C:\Users\symon.mezbahuddin\scoop\apps\zig\0.16.0\lib\std\testing.zig:329: 0x7ff73507c8f3 in expectApproxEqRel (test_zcu.obj)
    return expectApproxEqRelInner(T, expected, actual, tolerance);

C:\Users\symon.mezbahuddin\scoop\apps\zig\0.16.0\lib\std\testing.zig:329: 0x7ff73507c8f3 in expectApproxEqRel (test_zcu.obj)
    return expectApproxEqRelInner(T, expected, actual, tolerance);

C:\Users\symon.mezbahuddin\scoop\apps\zig\0.16.0\lib\std\testing.zig:329: 0x7ff73507c8f3 in expectApproxEqRel (test_zcu.obj)
    return expectApproxEqRelInner(T, expected, actual, tolerance);

C:\Users\symon.mezbahuddin\scoop\apps\zig\0.16.0\lib\std\testing.zig:329: 0x7ff73507c8f3 in expectApproxEqRel (test_zcu.obj)
    return expectApproxEqRelInner(T, expected, actual, tolerance);

C:\Users\symon.mezbahuddin\scoop\apps\zig\0.16.0\lib\std\testing.zig:329: 0x7ff73507c8f3 in expectApproxEqRel (test_zcu.obj)
    return expectApproxEqRelInner(T, expected, actual, tolerance);

C:\Users\symon.mezbahuddin\scoop\apps\zig\0.16.0\lib\std\testing.zig:329: 0x7ff73507c8f3 in expectApproxEqRel (test_zcu.obj)
    return expectApproxEqRelInner(T, expected, actual, tolerance);

C:\Users\symon.mezbahuddin\scoop\apps\zig\0.16.0\lib\std\testing.zig:329: 0x7ff73507c8f3 in expectApproxEqRel (test_zcu.obj)
    return expectApproxEqRelInner(T, expected, actual, tolerance);

C:\Users\symon.mezbahuddin\scoop\apps\zig\0.16.0\lib\std\testing.zig:329: 0x7ff73507c8f3 in expectApproxEqRel (test_zcu.obj)
    return expectApproxEqRelInner(T, expected, actual, tolerance);

C:\Users\symon.mezbahuddin\scoop\apps\zig\0.16.0\lib\std\testing.zig:329: 0x7ff73507c8f3 in expectApproxEqRel (test_zcu.obj)
    return expectApproxEqRelInner(T, expected, actual, tolerance);

C:\Users\symon.mezbahuddin\scoop\apps\zig\0.16.0\lib\std\testing.zig:329: 0x7ff73507c8f3 in expectApproxEqRel (test_zcu.obj)
    return expectApproxEqRelInner(T, expected, actual, tolerance);

C:\Users\symon.mezbahuddin\scoop\apps\zig\0.16.0\lib\std\testing.zig:329: 0x7ff73507c8f3 in expectApproxEqRel (test_zcu.obj)
    return expectApproxEqRelInner(T, expected, actual, tolerance);

C:\Users\symon.mezbahuddin\scoop\apps\zig\0.16.0\lib\std\testing.zig:329: 0x7ff73507c8f3 in expectApproxEqRel (test_zcu.obj)
    return expectApproxEqRelInner(T, expected, actual, tolerance);

C:\Users\symon.mezbahuddin\scoop\apps\zig\0.16.0\lib\std\testing.zig:329: 0x7ff73507c8f3 in expectApproxEqRel (test_zcu.obj)
    return expectApproxEqRelInner(T, expected, actual, tolerance);

C:\Users\symon.mezbahuddin\scoop\apps\zig\0.16.0\lib\std\testing.zig:329: 0x7ff73507c8f3 in expectApproxEqRel (test_zcu.obj)
    return expectApproxEqRelInner(T, expected, actual, tolerance);

C:\Users\symon.mezbahuddin\scoop\apps\zig\0.16.0\lib\std\testing.zig:329: 0x7ff73507c8f3 in expectApproxEqRel (test_zcu.obj)
    return expectApproxEqRelInner(T, expected, actual, tolerance);

C:\Users\symon.mezbahuddin\scoop\apps\zig\0.16.0\lib\std\testing.zig:329: 0x7ff73507c8f3 in expectApproxEqRel (test_zcu.obj)
    return expectApproxEqRelInner(T, expected, actual, tolerance);

C:\Users\symon.mezbahuddin\scoop\apps\zig\0.16.0\lib\std\testing.zig:329: 0x7ff73507c8f3 in expectApproxEqRel (test_zcu.obj)
    return expectApproxEqRelInner(T, expected, actual, tolerance);

C:\Users\symon.mezbahuddin\scoop\apps\zig\0.16.0\lib\std\testing.zig:329: 0x7ff73507c8f3 in expectApproxEqRel (test_zcu.obj)
    return expectApproxEqRelInner(T, expected, actual, tolerance);

C:\Users\symon.mezbahuddin\scoop\apps\zig\0.16.0\lib\std\testing.zig:329: 0x7ff73507c8f3 in expectApproxEqRel (test_zcu.obj)
    return expectApproxEqRelInner(T, expected, actual, tolerance);

C:\Users\symon.mezbahuddin\scoop\apps\zig\0.16.0\lib\std\testing.zig:329: 0x7ff73507c8f3 in expectApproxEqRel (test_zcu.obj)
    return expectApproxEqRelInner(T, expected, actual, tolerance);

C:\Users\symon.mezbahuddin\scoop\apps\zig\0.16.0\lib\std\testing.zig:329: 0x7ff73507c8f3 in expectApproxEqRel (test_zcu.obj)
    return expectApproxEqRelInner(T, expected, actual, tolerance);

C:\Users\symon.mezbahuddin\scoop\apps\zig\0.16.0\lib\std\testing.zig:329: 0x7ff73507c8f3 in expectApproxEqRel (test_zcu.obj)
    return expectApproxEqRelInner(T, expected, actual, tolerance);

C:\Users\symon.mezbahuddin\scoop\apps\zig\0.16.0\lib\std\testing.zig:329: 0x7ff73507c8f3 in expectApproxEqRel (test_zcu.obj)
    return expectApproxEqRelInner(T, expected, actual, tolerance);

C:\Users\symon.mezbahuddin\scoop\apps\zig\0.16.0\lib\std\testing.zig:329: 0x7ff73507c8f3 in expectApproxEqRel (test_zcu.obj)
    return expectApproxEqRelInner(T, expected, actual, tolerance);

C:\Users\symon.mezbahuddin\scoop\apps\zig\0.16.0\lib\std\testing.zig:329: 0x7ff73507c8f3 in expectApproxEqRel (test_zcu.obj)
    return expectApproxEqRelInner(T, expected, actual, tolerance);

C:\Users\symon.mezbahuddin\scoop\apps\zig\0.16.0\lib\std\testing.zig:329: 0x7ff73507c8f3 in expectApproxEqRel (test_zcu.obj)
    return expectApproxEqRelInner(T, expected, actual, tolerance);

C:\Users\symon.mezbahuddin\scoop\apps\zig\0.16.0\lib\std\testing.zig:329: 0x7ff73507c8f3 in expectApproxEqRel (test_zcu.obj)
    return expectApproxEqRelInner(T, expected, actual, tolerance);

D:\ecosys-modernization\ecosys-ng\src\soil\chemistry\snow_initialization.zig:2158:5: 0x7ff73507c975 in test.T-00060 matched-state STARTE oracle test for K=1 and K=2 dynamic inputs (test_zcu.obj)
    try std.testing.expectApproxEqRel(@as(f64, 9.12457382308225400e-12), k1_actual.salt_mol_per_m3[@intFromEnum(snow.SaltSpecies.iron)], exact_tol);
    ^
28/52 soil.organic.combustion.test_0...OK
29/52 soil.nutrients.fertilizer_dissolution.test_0...OK
30/52 soil.heat.solver.test_0...OK
31/52 soil.profile.relayering.test_0...OK
32/52 soil.water.solver.test_0...OK
33/52 soil.solute.carboxyl_exchange.test_0...OK
34/52 soil.solute.cation_exchange.test_0...OK
35/52 soil.solute.reaction_solver.test_0...OK
36/52 soil.solute.water_equilibrium.test_0...OK
37/52 soil.solute.reaction_solver_tests.test_0...OK
38/52 soil.gas.coupled_gas_solver_tests.test_0...OK
39/52 plant.root.plant_root_disturbance.test_0...OK
40/52 plant.root.plant_root_metabolism.test_0...OK
41/52 plant.root.plant_root_nutrient_uptake.test_0...OK
42/52 plant.root.plant_root_system.test_0...OK
43/52 plant.growth.storage_remobilization.test_0...OK
44/52 plant.growth.shoot_growth_runtime.test_0...OK
45/52 validation.plant_root_metabolism_test.test_0...OK
46/52 management.land_management.test_0...OK
47/52 management.plant_harvest_runtime.test_0...OK
48/52 io.input.cell_grid_file.test_0...OK
49/52 validation.plant_harvest_runtime_test.test_0...OK
50/52 driver.runscript.test_0...OK
51/52 canopy.photosynthesis.photosynthesis.test_0...OK
52/52 validation.canopy_photosynthesis_test.test_0...OK
51 passed; 0 skipped; 1 failed.
error: the following test command failed with exit code 1:
C:\zig-local-cache\ecosys-ng\o\5270985dc2e35310392a5c1afc2fa720\test.exe --seed=0x600a7a38
