BEGIN_BOUNDED_20_K=1
hydrogen   1.00000000000000005E-04
hydroxide   9.99999999999999912E-05
aluminum   1.77058086671893232E-07
iron   8.49437248823603454E-12
calcium   3.93349094929564339E-02
magnesium   1.84059198077216983E-02
sodium   2.99069097201462644E-02
potassium   9.97117696238482981E-03
sulfate   3.73940130650242883E-02
chloride   2.99999999999999989E-02
carbonate   4.88914599049841621E-05
bicarbonate   8.73061784017574311E-02
aluminum_monohydroxide   9.74767368236650936E-06
aluminum_dihydroxide   4.18773293811957399E-04
aluminum_trihydroxide   6.79679554991288151E-04
aluminum_tetrahydroxide   1.88242050942660820E-03
aluminum_sulfate   4.32536734881597879E-08
iron_monohydroxide   5.25655229096231222E-09
iron_dihydroxide   4.33600975341981090E-07
iron_trihydroxide   3.42107122601107810E-07
iron_tetrahydroxide   1.20690550768946788E-06
iron_sulfate   3.12241353576726891E-12
calcium_hydroxide   1.38015414224303432E-06
calcium_carbonate   3.95237766422875777E-05
calcium_bicarbonate   9.70028852139919948E-03
calcium_sulfate   1.13734494208921457E-03
magnesium_hydroxide   1.41556530274167303E-06
magnesium_carbonate   7.52823412360610161E-06
magnesium_bicarbonate   5.82704660227202875E-05
magnesium_sulfate   1.35330658562992029E-03
sodium_carbonate   9.88059766854918007E-06
sodium_sulfate   8.64691128455135342E-05
potassium_sulfate   2.88230376151711758E-05
phosphate   2.88407622449050458E-09
phosphoric_acid   2.88995615696181656E-07
iron_hydrogen_phosphate   3.55020256647524183E-13
iron_dihydrogen_phosphate   5.58759118839112666E-12
calcium_phosphate   9.99999999999999974E-49
calcium_hydrogen_phosphate   9.88335815907293730E-05
calcium_dihydrogen_phosphate   1.14785931670481174E-05
magnesium_hydrogen_phosphate   2.02478189206354789E-04
nh4_n   2.49574856582852944E-01
nh3_n   4.25143417146992843E-04
no3_n   7.50000000000000000E-01
hpo4_p   5.48020523779535473E-02
h2po4_p   1.35492397884487914E-01
co2_c   2.49446224005021228E-01
END_BOUNDED_20_K=1
TRAJ K=1 P=0 M= 980 AL=  1.7290312369923906E-07 CA=  4.0224697511778068E-02 MG=  1.9041415667478100E-02 NA=  2.9966255311519151E-02 KA=  9.9857254303837035E-03 SO4=  3.5905771042429931E-02
TRAJ K=1 P=0 M= 981 AL=  1.5324926997974082E-07 CA=  4.2228335491307618E-02 MG=  1.9228620037393628E-02 NA=  2.9963358876923453E-02 KA=  9.9885803443069653E-03 SO4=  3.6724607002802535E-02
TRAJ K=1 P=0 M= 982 AL=  1.7254313076960681E-07 CA=  4.3847420205443507E-02 MG=  1.9388679799516310E-02 NA=  2.9971338987670831E-02 KA=  9.9908642754455747E-03 SO4=  3.7379685602242037E-02
TRAJ K=1 P=0 M= 983 AL=  1.3230676303560890E-07 CA=  4.5126228327229262E-02 MG=  1.6068745519392084E-02 NA=  2.9977723076268732E-02 KA=  9.9926914203564612E-03 SO4=  3.4455735878855170E-02
TRAJ K=1 P=0 M= 984 AL=  1.7626245400023190E-07 CA=  4.5907549023926013E-02 MG=  1.6860780185115075E-02 NA=  2.9982830347147053E-02 KA=  9.9941531362851711E-03 SO4=  3.5564588703084148E-02
TRAJ K=1 P=0 M= 985 AL=  1.6524344665721148E-07 CA=  4.6790791031538222E-02 MG=  1.7494407917693466E-02 NA=  2.9986916163849710E-02 KA=  8.9211534030960542E-03 SO4=  3.5377501855531929E-02
TRAJ K=1 P=0 M= 986 AL=  1.7260124017499433E-07 CA=  4.7479132206179504E-02 MG=  1.7981164233929571E-02 NA=  2.9990184817211836E-02 KA=  9.1369227224768444E-03 SO4=  3.6302001484425549E-02
TRAJ K=1 P=0 M= 987 AL=  1.3547665884290432E-07 CA=  4.0595321468778471E-02 MG=  1.8390715156745063E-02 NA=  2.9992799739901536E-02 KA=  9.3095381779814777E-03 SO4=  2.9588837591155475E-02
TRAJ K=1 P=0 M= 988 AL=  1.7522186658221026E-07 CA=  4.2541008987420192E-02 MG=  1.8718355894997457E-02 NA=  2.9994891678053297E-02 KA=  9.4476305423851839E-03 SO4=  3.1671070072924391E-02
TRAJ K=1 P=0 M= 989 AL=  1.6427509559369498E-07 CA=  4.4081105639719807E-02 MG=  1.8970171435261796E-02 NA=  2.9986267970150644E-02 KA=  9.5581044339081486E-03 SO4=  3.3336856058339526E-02
TRAJ K=1 P=0 M= 990 AL=  1.7175979197590399E-07 CA=  4.5311227303163303E-02 MG=  1.9181920917810843E-02 NA=  2.9989666262252582E-02 KA=  9.6464835471265203E-03 SO4=  3.4669484846671629E-02
TRAJ K=1 P=0 M= 991 AL=  1.3301236377642925E-07 CA=  4.6313733654928052E-02 MG=  1.9112231376111993E-02 NA=  2.9992384895934133E-02 KA=  9.7171868377012183E-03 SO4=  3.5735558567553137E-02
TRAJ K=1 P=0 M= 992 AL=  1.7588482142640391E-07 CA=  4.7097491334418727E-02 MG=  1.9295568870491001E-02 NA=  2.9641798188312141E-02 KA=  9.7737494701609761E-03 SO4=  3.6235685239475283E-02
TRAJ K=1 P=0 M= 993 AL=  1.6515482128612443E-07 CA=  4.7742744879932394E-02 MG=  1.9442238865994207E-02 NA=  2.9714090436781779E-02 KA=  9.8189995761287820E-03 SO4=  3.6988548189758157E-02
TRAJ K=1 P=0 M= 994 AL=  1.7265488142735223E-07 CA=  4.8240829609693267E-02 MG=  1.9559574862396772E-02 NA=  2.9771924235557492E-02 KA=  9.8551996609030270E-03 SO4=  3.7590838551806532E-02
TRAJ K=1 P=0 M= 995 AL=  1.2345644358180397E-07 CA=  4.4043540911580019E-02 MG=  1.7539077412303743E-02 NA=  2.9818191274578063E-02 KA=  9.8841597287224227E-03 SO4=  3.8072631261516318E-02
TRAJ K=1 P=0 M= 996 AL=  1.7814816347203579E-07 CA=  4.5281569871228222E-02 MG=  1.6722846212924674E-02 NA=  2.9855204905794519E-02 KA=  9.9073277829779399E-03 SO4=  3.7143905522693338E-02
TRAJ K=1 P=0 M= 997 AL=  1.6654284908562973E-07 CA=  4.2816780908247649E-02 MG=  1.7384060739941146E-02 NA=  2.9874518552343594E-02 KA=  9.9258622263823527E-03 SO4=  3.4241897615472111E-02
TRAJ K=1 P=0 M= 998 AL=  1.7346240213105489E-07 CA=  4.4300244617535810E-02 MG=  1.7902838931329972E-02 NA=  2.9900266728006941E-02 KA=  9.9406897811058839E-03 SO4=  3.5393518092377695E-02
TRAJ K=1 P=0 M= 999 AL=  1.6070841970494507E-07 CA=  4.5504947506426058E-02 MG=  1.8328054914665385E-02 NA=  2.9920865268537621E-02 KA=  9.9525518248847079E-03 SO4=  3.6314811696143340E-02
TRAJ K=1 P=0 M=1000 AL=  1.5900977661414095E-07 CA=  4.6450844095257321E-02 MG=  1.8668227701333716E-02 NA=  2.9937344100962163E-02 KA=  9.9620414599077677E-03 SO4=  3.7051836966218846E-02
M1000 K=1 P=0 AL=  1.59009776614140948E-07 CA=  4.64508440952573209E-02 MG=  1.86682277013337158E-02 NA=  2.99373441009621634E-02 KA=  9.96204145990776772E-03 SO4=  3.70518369662188457E-02
BEGIN_OUTPUT_K=1
hydrogen   1.00000000000000005E-04
hydroxide   9.99999999999999912E-05
aluminum   1.59009776614140948E-07
iron   9.12457382308225400E-12
calcium   4.64508440952573209E-02
magnesium   1.86682277013337158E-02
sodium   2.99373441009621634E-02
potassium   9.96204145990776772E-03
sulfate   3.70518369662188457E-02
chloride   2.99999999999999989E-02
carbonate   4.88914599049841621E-05
bicarbonate   8.73061784017574311E-02
aluminum_monohydroxide   9.77150217714977503E-06
aluminum_dihydroxide   4.18796010475943768E-04
aluminum_trihydroxide   6.79724677534137667E-04
aluminum_tetrahydroxide   1.88235594649955673E-03
aluminum_sulfate   3.41972090056924011E-08
iron_monohydroxide   5.24405293040424516E-09
iron_dihydroxide   4.33547865786167223E-07
iron_trihydroxide   3.41623402043052743E-07
iron_tetrahydroxide   1.20745160339976606E-06
iron_sulfate   2.92867052718245403E-12
calcium_hydroxide   5.65621023183197408E-07
calcium_carbonate   5.02154434806992051E-05
calcium_bicarbonate   1.50099537737894946E-03
calcium_sulfate   2.23030571496070145E-03
magnesium_hydroxide   9.11686416320542627E-07
magnesium_carbonate   7.58654924657120115E-06
magnesium_bicarbonate   6.98318482693137377E-04
magnesium_sulfate   6.20284288480986196E-04
sodium_carbonate   6.33503958858421932E-06
sodium_sulfate   5.95802901095895788E-05
potassium_sulfate   3.79585400922389152E-05
phosphate   2.05719822302103092E-09
phosphoric_acid   2.01858387070635781E-05
iron_hydrogen_phosphate   1.52052073710526853E-12
iron_dihydrogen_phosphate   7.21939650753782643E-12
calcium_phosphate   9.99999999999999974E-49
calcium_hydrogen_phosphate   8.59736260717921586E-05
calcium_dihydrogen_phosphate   4.85918381441220598E-06
magnesium_hydrogen_phosphate   3.35901398363039761E-05
nh4_n   2.49574775295895612E-01
nh3_n   4.25224704104364419E-04
no3_n   7.50000000000000000E-01
hpo4_p   3.82095407947353818E-02
h2po4_p   1.57307522719865839E-01
co2_c   2.49446224005021228E-01
END_OUTPUT_K=1
TRAJ K=1 P=1 M= 980 AL=  1.4966501177535410E-07 CA=  4.5682397911546199E-02 MG=  1.8296764226160604E-02 NA=  2.9994359808428520E-02 KA=  9.9285295300502729E-03 SO4=  3.4600808355642859E-02
TRAJ K=1 P=1 M= 981 AL=  1.6602991392773818E-07 CA=  4.6593068810893250E-02 MG=  1.8633019126197161E-02 NA=  2.9996139732874887E-02 KA=  9.9428236240402187E-03 SO4=  3.5680646684135398E-02
TRAJ K=1 P=1 M= 982 AL=  1.7238591730277278E-07 CA=  4.7339206861112031E-02 MG=  1.8912199070559139E-02 NA=  2.9987266414007892E-02 KA=  9.9542588992321754E-03 SO4=  3.6544517347308340E-02
TRAJ K=1 P=1 M= 983 AL=  1.3733788392321017E-07 CA=  4.7663223306355938E-02 MG=  1.9135543026048724E-02 NA=  2.9990465017338385E-02 KA=  9.9634071193857414E-03 SO4=  3.7235588001686318E-02
TRAJ K=1 P=1 M= 984 AL=  1.7577938674642251E-07 CA=  4.7165617542119731E-02 MG=  1.9294072320615353E-02 NA=  2.7892408500267123E-02 KA=  9.9707256955085932E-03 SO4=  3.5687855001613422E-02
TRAJ K=1 P=1 M= 985 AL=  1.6498630192963690E-07 CA=  4.7759625682123441E-02 MG=  1.9441041626093693E-02 NA=  2.8314578686345768E-02 KA=  9.9765805564068742E-03 SO4=  3.6550284000533007E-02
TRAJ K=1 P=1 M= 986 AL=  1.7213717573947104E-07 CA=  4.4749680172423638E-02 MG=  1.9558617070476365E-02 NA=  2.8652314835208685E-02 KA=  9.9812644451254991E-03 SO4=  3.6724778091092654E-02
TRAJ K=1 P=1 M= 987 AL=  1.2335719366283149E-07 CA=  4.5846894817320766E-02 MG=  1.7652806632533338E-02 NA=  2.8922503754299018E-02 KA=  9.9850115561003986E-03 SO4=  3.7379783130498181E-02
TRAJ K=1 P=1 M= 988 AL=  1.7794372385213693E-07 CA=  4.5967103602459744E-02 MG=  1.7886139248700094E-02 NA=  2.9138654889571285E-02 KA=  9.9880092448803182E-03 SO4=  3.7128662440604268E-02
TRAJ K=1 P=1 M= 989 AL=  1.6652802631573199E-07 CA=  4.6820833602839611E-02 MG=  1.8094038120198327E-02 NA=  2.9311575797789098E-02 KA=  9.9904073959042553E-03 SO4=  3.7492544737087546E-02
TRAJ K=1 P=1 M= 990 AL=  1.7382590502284028E-07 CA=  4.7521418694669117E-02 MG=  1.8481014265760071E-02 NA=  2.9439615265939256E-02 KA=  9.9923259167234036E-03 SO4=  3.7994035789670061E-02
TRAJ K=1 P=1 M= 991 AL=  1.4738514335521328E-07 CA=  4.1682265677316005E-02 MG=  1.8790595182209466E-02 NA=  2.9552344098883476E-02 KA=  9.9938607333787226E-03 SO4=  3.2013192028202360E-02
TRAJ K=1 P=1 M= 992 AL=  1.7390668439584543E-07 CA=  4.3410564354250232E-02 MG=  1.9038259915368984E-02 NA=  2.9642527165238852E-02 KA=  9.9950885867029788E-03 SO4=  3.3610553622561913E-02
TRAJ K=1 P=1 M= 993 AL=  1.6345160056297392E-07 CA=  4.4775602264017535E-02 MG=  1.6073289603145288E-02 NA=  2.9714673618323154E-02 KA=  7.9960708693623834E-03 SO4=  2.9725340799298242E-02
TRAJ K=1 P=1 M= 994 AL=  1.7051107640740826E-07 CA=  4.5885233623611459E-02 MG=  1.6864415452117643E-02 NA=  2.9772390780790595E-02 KA=  8.3968566954899064E-03 SO4=  3.1780272639438618E-02
TRAJ K=1 P=1 M= 995 AL=  1.2282981702179391E-07 CA=  4.6522872876849898E-02 MG=  1.7497316131295525E-02 NA=  2.9818564510764548E-02 KA=  8.7174853563919252E-03 SO4=  3.3424179836681153E-02
TRAJ K=1 P=1 M= 996 AL=  1.7658784243333176E-07 CA=  4.7283050113877345E-02 MG=  1.8003636674637832E-02 NA=  2.9855503494743710E-02 KA=  8.9739882851135409E-03 SO4=  3.4739343869344942E-02
TRAJ K=1 P=1 M= 997 AL=  1.6559088007958786E-07 CA=  4.7873590909956368E-02 MG=  1.8408693109311675E-02 NA=  2.9885054681927040E-02 KA=  9.1791906280908331E-03 SO4=  3.5791475093773693E-02
TRAJ K=1 P=1 M= 998 AL=  1.7322389075007755E-07 CA=  4.6901460271729159E-02 MG=  1.8722549057460656E-02 NA=  2.9898398373249608E-02 KA=  9.3433525024726669E-03 SO4=  3.6633180075018978E-02
TRAJ K=1 P=1 M= 999 AL=  1.4215516347068724E-07 CA=  4.7568319049833246E-02 MG=  1.8983823015569935E-02 NA=  2.9919370584731757E-02 KA=  9.4746820019781346E-03 SO4=  3.7306522779305323E-02
TRAJ K=1 P=1 M=1000 AL=  1.7504559476785599E-07 CA=  4.6638347100611301E-02 MG=  1.9172696312230803E-02 NA=  2.9936148353917478E-02 KA=  9.5797456015825084E-03 SO4=  3.6364158271791555E-02
M1000 K=1 P=1 AL=  1.75045594767855987E-07 CA=  4.66383471006113007E-02 MG=  1.91726963122308032E-02 NA=  2.99361483539174779E-02 KA=  9.57974560158250839E-03 SO4=  3.63641582717915551E-02
TRAJ K=1 P=2 M= 980 AL=  1.7253783114975522E-07 CA=  4.8203703353293402E-02 MG=  1.8616409284598748E-02 NA=  2.9880218440993377E-02 KA=  9.9881728940342425E-03 SO4=  3.7207120556047482E-02
TRAJ K=1 P=2 M= 981 AL=  1.3197153299736571E-07 CA=  4.8358614820202747E-02 MG=  1.8639903421384944E-02 NA=  2.9904826638926761E-02 KA=  9.9905383152273930E-03 SO4=  3.7765665152558241E-02
TRAJ K=1 P=2 M= 982 AL=  1.7683902517203236E-07 CA=  4.4217044817031426E-02 MG=  1.8917706506709361E-02 NA=  2.9914215938849374E-02 KA=  9.9924306521819127E-03 SO4=  3.3677933270518413E-02
TRAJ K=1 P=2 M= 983 AL=  1.6544622883482420E-07 CA=  4.1382973850212661E-02 MG=  1.9139948974968894E-02 NA=  2.9932024637211559E-02 KA=  9.9939445217455281E-03 SO4=  3.4942346615400841E-02
TRAJ K=1 P=2 M= 984 AL=  1.7248954290397618E-07 CA=  4.3151111913475385E-02 MG=  1.9317742949576520E-02 NA=  2.9946271595901307E-02 KA=  9.3987709799347088E-03 SO4=  3.5357492654858970E-02
TRAJ K=1 P=2 M= 985 AL=  1.4053177522079617E-07 CA=  4.4568040417610345E-02 MG=  1.9459978129262621E-02 NA=  2.9957669162853105E-02 KA=  9.5190167839477660E-03 SO4=  3.6285971840413003E-02
TRAJ K=1 P=2 M= 986 AL=  1.7475203683585587E-07 CA=  4.5719184146485695E-02 MG=  1.9573766273011502E-02 NA=  2.9966787216414544E-02 KA=  9.6152134271582108E-03 SO4=  3.7028777472330410E-02
TRAJ K=1 P=2 M= 987 AL=  1.6439208959602695E-07 CA=  4.6622498204018911E-02 MG=  1.9664796788010606E-02 NA=  2.9974081659263695E-02 KA=  9.6921707417265673E-03 SO4=  3.7623021976407531E-02
TRAJ K=1 P=2 M= 988 AL=  1.5498384903215444E-07 CA=  4.7362750375612550E-02 MG=  1.6530938120988485E-02 NA=  2.9979917213543015E-02 KA=  9.7537365933812528E-03 SO4=  3.4891717546825553E-02
TRAJ K=1 P=2 M= 989 AL=  1.6554345868255928E-07 CA=  4.7937351187320648E-02 MG=  1.7230534266392192E-02 NA=  2.9984585656966472E-02 KA=  9.8029892747050016E-03 SO4=  3.5913374036454129E-02
TRAJ K=1 P=2 M= 990 AL=  1.7205276226601488E-07 CA=  4.5488819485655869E-02 MG=  1.7780035846847939E-02 NA=  2.9978023153281141E-02 KA=  9.8423914197640003E-03 SO4=  3.3804885952565249E-02
TRAJ K=1 P=2 M= 991 AL=  1.3783071850461439E-07 CA=  4.6438206475355508E-02 MG=  1.6707360155228744E-02 NA=  2.9983070408756973E-02 KA=  9.8739131358111989E-03 SO4=  3.5043884008513222E-02
TRAJ K=1 P=2 M= 992 AL=  1.7482786916257795E-07 CA=  4.7215316992681826E-02 MG=  1.7371671893784399E-02 NA=  2.9987108213137638E-02 KA=  9.8991305086489571E-03 SO4=  3.6035107206810586E-02
TRAJ K=1 P=2 M= 993 AL=  1.6439827859288017E-07 CA=  4.7547429573676359E-02 MG=  1.7903121284628926E-02 NA=  2.9990338456642170E-02 KA=  9.9193044069191636E-03 SO4=  3.6828085763859264E-02
TRAJ K=1 P=2 M= 994 AL=  1.6187396460416349E-07 CA=  4.8102695471338504E-02 MG=  1.8328280797304544E-02 NA=  2.9992922651445795E-02 KA=  9.9354435255353292E-03 SO4=  3.7462458558755796E-02
TRAJ K=1 P=2 M= 995 AL=  1.6445581023932119E-07 CA=  4.8529307263901908E-02 MG=  1.8668408407445040E-02 NA=  2.9994990007288697E-02 KA=  9.9483548204282613E-03 SO4=  3.7969966845441468E-02
TRAJ K=1 P=2 M= 996 AL=  1.4486400725787121E-07 CA=  4.7152559029423786E-02 MG=  1.8688004925198166E-02 NA=  2.9996643891963017E-02 KA=  9.9586838563426074E-03 SO4=  3.6640308263532137E-02
TRAJ K=1 P=2 M= 997 AL=  1.6741215700322085E-07 CA=  3.9628551630991889E-02 MG=  1.8956187709759938E-02 NA=  2.9997966999702474E-02 KA=  9.9669470850740835E-03 SO4=  3.7312246609590254E-02
TRAJ K=1 P=2 M= 998 AL=  1.7314719455583051E-07 CA=  4.1767593117190929E-02 MG=  1.9160462247998659E-02 NA=  2.5878755062108412E-02 KA=  9.9735576680592651E-03 SO4=  3.3739824122310684E-02
TRAJ K=1 P=2 M= 999 AL=  1.6353492809687406E-07 CA=  4.2461733342998458E-02 MG=  1.9334153568000334E-02 NA=  2.6703655935818790E-02 KA=  9.9788461344474111E-03 SO4=  3.4991859296832954E-02
TRAJ K=1 P=2 M=1000 AL=  1.4509607013945151E-07 CA=  4.4034138486796187E-02 MG=  1.9473106624001674E-02 NA=  2.7363576634787092E-02 KA=  9.9830769075579268E-03 SO4=  3.5993461913810851E-02
M1000 K=1 P=2 AL=  1.45096070139451514E-07 CA=  4.40341384867961871E-02 MG=  1.94731066240016737E-02 NA=  2.73635766347870915E-02 KA=  9.98307690755792683E-03 SO4=  3.59934619138108508E-02
BEGIN_BOUNDED_20_K=2
hydrogen   3.16227766016837953E-05
hydroxide   3.16227766016837939E-04
aluminum   9.42735200256837550E-44
iron   1.03447762977323840E-43
calcium   9.02558553930743884E-02
magnesium   3.90527281362670203E-02
sodium   7.98085192230304635E-02
potassium   1.99423539247696596E-02
sulfate   4.64083641122659332E-02
chloride   5.00000000000000028E-02
carbonate   4.88914599049841540E-04
bicarbonate   2.76086377554552564E-01
aluminum_monohydroxide   2.08869447234211252E-42
aluminum_dihydroxide   5.21217280211573150E-41
aluminum_trihydroxide   3.16098625965326608E-41
aluminum_tetrahydroxide   5.74636876626864677E-41
aluminum_sulfate   2.06479182065148406E-44
iron_monohydroxide   2.92310915459590006E-41
iron_dihydroxide   1.14584940515259608E-39
iron_trihydroxide   6.12034397402486721E-40
iron_tetrahydroxide   1.06849205192754893E-39
iron_sulfate   3.43994071626688453E-44
calcium_hydroxide   2.59418371712788244E-05
calcium_carbonate   6.79119329058306916E-04
calcium_bicarbonate   3.70899803794551763E-03
calcium_sulfate   7.05445379665365323E-03
magnesium_hydroxide   2.62309016204873982E-05
magnesium_carbonate   6.45862743803661733E-05
magnesium_bicarbonate   4.47040643964938256E-03
magnesium_sulfate   6.30659779015903515E-03
sodium_carbonate   1.05460702220700828E-04
sodium_sulfate   1.72938225691027068E-04
potassium_sulfate   5.76460752303423516E-05
phosphate   8.66478020529213571E-09
phosphoric_acid   1.77229108013606080E-06
iron_hydrogen_phosphate   2.67677221431477443E-44
iron_dihydrogen_phosphate   6.27387668131170871E-44
calcium_phosphate   9.99999999999999974E-49
calcium_hydrogen_phosphate   3.08112605192538695E-04
calcium_dihydrogen_phosphate   1.57022380837417437E-05
magnesium_hydrogen_phosphate   3.08112605192538695E-04
nh4_n   9.84675677061242483E-01
nh3_n   1.53243229387563726E-02
no3_n   2.00000000000000000E+00
hpo4_p   3.08092759120691728E-01
h2po4_p   1.72262280345104241E-01
co2_c   2.49446224005021228E-01
END_BOUNDED_20_K=2
TRAJ K=2 P=0 M= 980 AL=  9.7129237474155876E-44 CA=  9.3602130958385793E-02 MG=  4.7988804753127098E-02 NA=  7.9753360112521182E-02 KA=  1.9976326611898746E-02 SO4=  5.4303939996103126E-02
TRAJ K=2 P=0 M= 981 AL=  8.3286288570741057E-44 CA=  9.4210159126644086E-02 MG=  4.8059882207482252E-02 NA=  7.9820071720205416E-02 KA=  1.9981061289518993E-02 SO4=  5.5066257972409299E-02
TRAJ K=2 P=0 M= 982 AL=  9.4816417860443609E-44 CA=  9.5777763948751163E-02 MG=  4.8493638195439594E-02 NA=  7.9873441006352811E-02 KA=  1.9439895452494461E-02 SO4=  5.5508052798806724E-02
TRAJ K=2 P=0 M= 983 AL=  5.6889850716266157E-44 CA=  8.5044336085538491E-02 MG=  4.4714227976777675E-02 NA=  7.9916136435270721E-02 KA=  1.9551916361995568E-02 SO4=  4.0597685613224389E-02
TRAJ K=2 P=0 M= 984 AL=  9.7198703810934511E-44 CA=  8.4121766113005730E-02 MG=  4.5817114810875928E-02 NA=  7.9950292778405055E-02 KA=  1.9641533089596451E-02 SO4=  4.4478148490579530E-02
TRAJ K=2 P=0 M= 985 AL=  8.3651532499086977E-44 CA=  8.7478323729096433E-02 MG=  4.6592018971131015E-02 NA=  7.9866267221735968E-02 KA=  1.9713226471677159E-02 SO4=  4.7582518792463641E-02
TRAJ K=2 P=0 M= 986 AL=  9.4546965556782394E-44 CA=  9.0144013238006998E-02 MG=  4.7319347606358600E-02 NA=  7.9910397407577244E-02 KA=  1.9770581177341727E-02 SO4=  5.0066015033970929E-02
TRAJ K=2 P=0 M= 987 AL=  6.7773124355508364E-44 CA=  9.2524847237841490E-02 MG=  4.7072827544281055E-02 NA=  7.9945701556250262E-02 KA=  1.9816464941873380E-02 SO4=  5.2052812027176758E-02
TRAJ K=2 P=0 M= 988 AL=  9.5465164642319471E-44 CA=  9.1859070284544875E-02 MG=  4.5271154348012363E-02 NA=  7.9973944875188677E-02 KA=  1.9853171953498703E-02 SO4=  5.3642249621741425E-02
TRAJ K=2 P=0 M= 989 AL=  7.2759114470409659E-44 CA=  9.3643508525813379E-02 MG=  4.6262655907863680E-02 NA=  7.9996539530339417E-02 KA=  1.9882537562798962E-02 SO4=  5.4913799697393156E-02
TRAJ K=2 P=0 M= 990 AL=  9.5239757429902220E-44 CA=  9.5324443468086606E-02 MG=  4.7055857155744736E-02 NA=  7.9903264623283454E-02 KA=  1.9906030050239169E-02 SO4=  5.5931039757914539E-02
TRAJ K=2 P=0 M= 991 AL=  6.3638225847138872E-44 CA=  6.7988258684243644E-02 MG=  4.7519643365017850E-02 NA=  7.9939995328815239E-02 KA=  1.9924824040191334E-02 SO4=  4.4971200429204598E-02
TRAJ K=2 P=0 M= 992 AL=  9.6235741875564526E-44 CA=  7.4800243594830812E-02 MG=  4.8061447121468072E-02 NA=  7.9969379893240669E-02 KA=  1.9939859232153065E-02 SO4=  4.7976960343363698E-02
TRAJ K=2 P=0 M= 993 AL=  8.2195829164992728E-44 CA=  8.0024302207738304E-02 MG=  3.8768958395416248E-02 NA=  7.9992887544781011E-02 KA=  1.9951887385722452E-02 SO4=  4.0655636543478972E-02
TRAJ K=2 P=0 M= 994 AL=  9.3573927904670883E-44 CA=  8.4183992514102302E-02 MG=  4.1060899145786790E-02 NA=  8.0011693666013281E-02 KA=  1.9961509908577962E-02 SO4=  4.4524509234783197E-02
TRAJ K=2 P=0 M= 995 AL=  6.6705918918590058E-44 CA=  8.7756830658717741E-02 MG=  4.2894451746083223E-02 NA=  7.1009008899246676E-02 KA=  1.9969207926862367E-02 SO4=  3.8713228355250706E-02
TRAJ K=2 P=0 M= 996 AL=  9.4517887395567479E-44 CA=  9.0383830603659107E-02 MG=  4.4361293826320369E-02 NA=  7.2824590749585819E-02 KA=  1.9975366341489893E-02 SO4=  4.2970582684200585E-02
TRAJ K=2 P=0 M= 997 AL=  7.9584930321522487E-44 CA=  9.2465873975650203E-02 MG=  4.5427443201094209E-02 NA=  7.4277056229857127E-02 KA=  1.9980293073191914E-02 SO4=  4.6376466147360490E-02
TRAJ K=2 P=0 M= 998 AL=  8.9056456068817366E-44 CA=  9.4382335827956063E-02 MG=  4.5559256915344841E-02 NA=  7.5439028614074172E-02 KA=  1.9984234458553532E-02 SO4=  4.9101172917888410E-02
TRAJ K=2 P=0 M= 999 AL=  6.1202758424873630E-44 CA=  9.2969617876171390E-02 MG=  4.6493137961729665E-02 NA=  7.6368606521447807E-02 KA=  1.8124943572655712E-02 SO4=  4.6708470481396237E-02
TRAJ K=2 P=0 M=1000 AL=  9.5444849191553777E-44 CA=  9.4529910789509050E-02 MG=  4.7240242798837526E-02 NA=  7.7000918216170167E-02 KA=  1.8499954858124570E-02 SO4=  4.9366776385117009E-02
M1000 K=2 P=0 AL=  9.54448491915537773E-44 CA=  9.45299107895090501E-02 MG=  4.72402427988375256E-02 NA=  7.70009182161701666E-02 KA=  1.84999548581245704E-02 SO4=  4.93667763851170088E-02
BEGIN_OUTPUT_K=2
hydrogen   3.16227766016837953E-05
hydroxide   3.16227766016837939E-04
aluminum   9.54448491915537773E-44
iron   1.10506723763912905E-43
calcium   9.45299107895090501E-02
magnesium   4.72402427988375256E-02
sodium   7.70009182161701666E-02
potassium   1.84999548581245704E-02
sulfate   4.93667763851170088E-02
chloride   5.00000000000000028E-02
carbonate   4.88914599049841540E-04
bicarbonate   2.76086377554552564E-01
aluminum_monohydroxide   2.10412895171618782E-42
aluminum_dihydroxide   5.25077783840841184E-41
aluminum_trihydroxide   3.14931077503347396E-41
aluminum_tetrahydroxide   5.71766617683495979E-41
aluminum_sulfate   2.17724872747975052E-44
iron_monohydroxide   2.93175389823956096E-41
iron_dihydroxide   1.14773863450088583E-39
iron_trihydroxide   6.09694276277060091E-40
iron_tetrahydroxide   1.06879140768260877E-39
iron_sulfate   3.99720544771821076E-44
calcium_hydroxide   1.42637045056050581E-06
calcium_carbonate   8.85969115079931818E-04
calcium_bicarbonate   2.28597256425029909E-03
calcium_sulfate   4.06361969093146490E-03
magnesium_hydroxide   8.61279280004446507E-06
magnesium_carbonate   7.44907611338415006E-05
magnesium_bicarbonate   1.76143765343391497E-04
magnesium_sulfate   2.14918032394688851E-03
sodium_carbonate   1.65621476642900244E-04
sodium_sulfate   2.92037845812930050E-03
potassium_sulfate   1.50004514187542957E-03
phosphate   3.08669866760054443E-09
phosphoric_acid   4.53461610140137379E-06
iron_hydrogen_phosphate   4.68401750240606477E-45
iron_dihydrogen_phosphate   1.37279448995190362E-43
calcium_phosphate   9.99999999999999974E-49
calcium_hydrogen_phosphate   1.19534359980930262E-04
calcium_dihydrogen_phosphate   1.61750346977251240E-04
magnesium_hydrogen_phosphate   5.79991705207272539E-04
nh4_n   9.99154965928767957E-01
nh3_n   8.45034071221417368E-04
no3_n   2.00000000000000000E+00
hpo4_p   1.13370614910492065E-01
h2po4_p   3.59789147525577169E-01
co2_c   2.49446224005021228E-01
END_OUTPUT_K=2
TRAJ K=2 P=1 M= 980 AL=  9.3768828319679571E-44 CA=  8.4764401417420573E-02 MG=  4.4525394732632187E-02 NA=  7.5058921432797118E-02 KA=  1.9887135915333840E-02 SO4=  5.0290762918575559E-02
TRAJ K=2 P=1 M= 981 AL=  5.6261296991807741E-44 CA=  8.8221157781372364E-02 MG=  4.5558706150490527E-02 NA=  7.5953170145249563E-02 KA=  1.9909708732267065E-02 SO4=  5.2232610334860478E-02
TRAJ K=2 P=1 M= 982 AL=  9.7038107818288468E-44 CA=  7.9788858458764142E-02 MG=  4.6492697349846214E-02 NA=  7.6779919746388078E-02 KA=  1.9927766985813646E-02 SO4=  4.2812786756985230E-02
TRAJ K=2 P=1 M= 983 AL=  8.3249332365187745E-44 CA=  8.3996763927618762E-02 MG=  4.7239890309330762E-02 NA=  7.7441319427298885E-02 KA=  1.9942213588650910E-02 SO4=  4.6250229405588220E-02
TRAJ K=2 P=1 M= 984 AL=  9.4236135375728154E-44 CA=  8.7607047789530920E-02 MG=  4.0149286317066185E-02 NA=  7.7970439172027534E-02 KA=  1.9953770870920720E-02 SO4=  4.1311825164618399E-02
TRAJ K=2 P=1 M= 985 AL=  7.8984969811338980E-44 CA=  9.0201640287443832E-02 MG=  4.2165161483106742E-02 NA=  7.8393734967810449E-02 KA=  1.9963016696736568E-02 SO4=  4.5049460131694752E-02
TRAJ K=2 P=1 M= 986 AL=  8.3839243422256279E-44 CA=  9.1487927908819086E-02 MG=  4.3777861615939183E-02 NA=  7.8621020973260236E-02 KA=  1.9970413357389246E-02 SO4=  4.8039568105355840E-02
TRAJ K=2 P=1 M= 987 AL=  7.5511730631602260E-44 CA=  9.3599978974491183E-02 MG=  4.4960698160244020E-02 NA=  7.8914200408796611E-02 KA=  1.9976330685911391E-02 SO4=  5.0431654484284709E-02
TRAJ K=2 P=1 M= 988 AL=  8.8240438424128830E-44 CA=  9.2717350624072978E-02 MG=  4.6014290957649008E-02 NA=  7.9148743957225709E-02 KA=  1.9981064548729104E-02 SO4=  5.2345323587427800E-02
TRAJ K=2 P=1 M= 989 AL=  6.1505568240028789E-44 CA=  9.4328817891955630E-02 MG=  4.6857165195572995E-02 NA=  7.9336378795968998E-02 KA=  1.9984851638983274E-02 SO4=  5.3876258869942274E-02
TRAJ K=2 P=1 M= 990 AL=  9.5727808621809783E-44 CA=  8.4061268633089450E-02 MG=  4.7531464585912189E-02 NA=  7.9486486666963618E-02 KA=  1.5987881311186621E-02 SO4=  3.9777122772609613E-02
TRAJ K=2 P=1 M= 991 AL=  8.1014542313320703E-44 CA=  8.7419690298984942E-02 MG=  4.7263653094417060E-02 NA=  7.9495222332582771E-02 KA=  1.6790305048949287E-02 SO4=  4.3821698218087728E-02
TRAJ K=2 P=1 M= 992 AL=  9.3259358067029545E-44 CA=  8.4226429473628350E-02 MG=  4.7746953761361531E-02 NA=  7.9613561496254648E-02 KA=  1.7432244039159422E-02 SO4=  4.7057358574470215E-02
TRAJ K=2 P=1 M= 993 AL=  5.5955614840217723E-44 CA=  8.7564409371268984E-02 MG=  4.8243295438543020E-02 NA=  7.9708232827192152E-02 KA=  1.7945795231327531E-02 SO4=  4.9645886859576209E-02
TRAJ K=2 P=1 M= 994 AL=  9.6514598050513779E-44 CA=  9.0215236705419491E-02 MG=  4.8640368780288205E-02 NA=  7.9783969891942155E-02 KA=  1.8356636185062017E-02 SO4=  5.1716709487661001E-02
TRAJ K=2 P=1 M= 995 AL=  8.2465313151482879E-44 CA=  9.2581826011771493E-02 MG=  3.8425551514533834E-02 NA=  7.9844559543742158E-02 KA=  1.8685308948049605E-02 SO4=  5.0376199593150733E-02
TRAJ K=2 P=1 M= 996 AL=  9.4260502496064755E-44 CA=  9.3437773193804766E-02 MG=  4.0786173641080857E-02 NA=  7.9781680634005606E-02 KA=  1.8948247158439676E-02 SO4=  5.2300959674520621E-02
TRAJ K=2 P=1 M= 997 AL=  5.6556301497638845E-44 CA=  9.4908354816160861E-02 MG=  4.2674671342318476E-02 NA=  7.9842728137392918E-02 KA=  1.9158597726751735E-02 SO4=  5.3840767739616532E-02
TRAJ K=2 P=1 M= 998 AL=  9.7256550191268369E-44 CA=  8.4888415916906781E-02 MG=  4.4077372918485930E-02 NA=  7.9891566140102760E-02 KA=  1.9326878181401379E-02 SO4=  4.3737457242788824E-02
TRAJ K=2 P=1 M= 999 AL=  8.3511437204957553E-44 CA=  8.8320369380961328E-02 MG=  4.5307630764242532E-02 NA=  7.9930636542270644E-02 KA=  1.9461502545121096E-02 SO4=  4.6989965794231092E-02
TRAJ K=2 P=1 M=1000 AL=  9.4369357194322849E-44 CA=  8.6660325942584687E-02 MG=  4.6291837040847814E-02 NA=  7.9961892864004944E-02 KA=  1.9569202036096869E-02 SO4=  4.9591972635384909E-02
M1000 K=2 P=1 AL=  9.43693571943228486E-44 CA=  8.66603259425846872E-02 MG=  4.62918370408478136E-02 NA=  7.99618928640049437E-02 KA=  1.95692020360968694E-02 SO4=  4.95919726353849094E-02
TRAJ K=2 P=2 M= 980 AL=  9.4560892974076335E-44 CA=  8.6042191621226116E-02 MG=  4.1721434186350770E-02 NA=  7.9897764143233838E-02 KA=  1.9885477079262345E-02 SO4=  4.9003830790046478E-02
TRAJ K=2 P=2 M= 981 AL=  5.9008659268068291E-44 CA=  8.6914508047066630E-02 MG=  4.3422879778534373E-02 NA=  7.9935594944775534E-02 KA=  1.9908381663409878E-02 SO4=  5.1203064632037200E-02
TRAJ K=2 P=2 M= 982 AL=  9.6529083937492501E-44 CA=  7.8990390177851103E-02 MG=  4.4784036252281258E-02 NA=  7.9965859586008881E-02 KA=  1.9926705330727903E-02 SO4=  4.2245553776428850E-02
TRAJ K=2 P=2 M= 983 AL=  8.2551742956241863E-44 CA=  8.2744718592036498E-02 MG=  4.3094183348188181E-02 NA=  7.9990071298995560E-02 KA=  1.9941364264582324E-02 SO4=  4.5796443021143100E-02
TRAJ K=2 P=2 M= 984 AL=  9.3848603246375642E-44 CA=  8.6383045687503782E-02 MG=  4.4413563859475355E-02 NA=  8.0009440669384910E-02 KA=  1.9953091411665860E-02 SO4=  4.8637154416914498E-02
TRAJ K=2 P=2 M= 985 AL=  6.1608480733558757E-44 CA=  8.9274150779915615E-02 MG=  4.5576583517034037E-02 NA=  7.3633569161410006E-02 KA=  1.9962473129332688E-02 SO4=  4.4629707160421785E-02
TRAJ K=2 P=2 M= 986 AL=  9.5943255555859107E-44 CA=  9.1754572396238049E-02 MG=  4.5677278971729650E-02 NA=  7.4924238959316464E-02 KA=  1.9969978503466150E-02 SO4=  4.7703765728337448E-02
TRAJ K=2 P=2 M= 987 AL=  8.1638048355652868E-44 CA=  9.3569677804250032E-02 MG=  4.6587555606837479E-02 NA=  7.5956774797641624E-02 KA=  1.9975982802772921E-02 SO4=  5.0163012582669975E-02
TRAJ K=2 P=2 M= 988 AL=  9.4009546843091761E-44 CA=  9.5002205546697624E-02 MG=  4.7315776914923738E-02 NA=  7.6782803468301755E-02 KA=  1.9980786242218336E-02 SO4=  5.2130410066136001E-02
TRAJ K=2 P=2 M= 989 AL=  5.6405728105855049E-44 CA=  9.6411401084794027E-02 MG=  4.7788574302948653E-02 NA=  7.7443626404829866E-02 KA=  1.9984628993774668E-02 SO4=  5.3704328052908819E-02
TRAJ K=2 P=2 M= 990 AL=  9.7198174775573191E-44 CA=  7.7509991900068159E-02 MG=  4.8276591871812678E-02 NA=  7.7860934122875800E-02 KA=  1.6180350838848265E-02 SO4=  3.9885837833359181E-02
TRAJ K=2 P=2 M= 991 AL=  8.3267168601851866E-44 CA=  8.2417630167490458E-02 MG=  4.8667005926903900E-02 NA=  7.8306130928489093E-02 KA=  1.6944280671078612E-02 SO4=  4.3908670266687364E-02
TRAJ K=2 P=2 M= 992 AL=  9.4059896548908646E-44 CA=  8.6111946509142903E-02 MG=  4.1279766041965135E-02 NA=  7.8662288372979727E-02 KA=  1.7555424536862891E-02 SO4=  3.9427365084338167E-02
TRAJ K=2 P=2 M= 993 AL=  7.8773439659218641E-44 CA=  8.8210531398674893E-02 MG=  4.3069545263025866E-02 NA=  7.8947214328572241E-02 KA=  1.8044339629490314E-02 SO4=  4.3541892067470556E-02
TRAJ K=2 P=2 M= 994 AL=  8.4888147705473675E-44 CA=  9.0978061766375851E-02 MG=  4.4501368639874452E-02 NA=  7.9175155093046248E-02 KA=  1.8435471703592252E-02 SO4=  4.6833513653976463E-02
TRAJ K=2 P=2 M= 995 AL=  7.5193966047033090E-44 CA=  9.2955803524407118E-02 MG=  4.5538705028795055E-02 NA=  7.9246157073448897E-02 KA=  1.8748377362873804E-02 SO4=  4.9466810923181191E-02
TRAJ K=2 P=2 M= 996 AL=  8.4705853664249159E-44 CA=  9.4518440346870139E-02 MG=  4.6476696452489800E-02 NA=  7.9414309288947577E-02 KA=  1.8998701890299043E-02 SO4=  5.1573448738544969E-02
TRAJ K=2 P=2 M= 997 AL=  7.5494879264632105E-44 CA=  9.6024388924932050E-02 MG=  4.3675497154405524E-02 NA=  7.9548831061346512E-02 KA=  1.9198961512239234E-02 SO4=  5.3258758990835993E-02
TRAJ K=2 P=2 M= 998 AL=  8.4560977298032437E-44 CA=  8.5775993666216965E-02 MG=  4.4986130152978178E-02 NA=  7.9656448479265660E-02 KA=  1.9359169209791388E-02 SO4=  4.3393726218708982E-02
TRAJ K=2 P=2 M= 999 AL=  7.5596435374657754E-44 CA=  8.9030431580409505E-02 MG=  4.6034636551836303E-02 NA=  7.9742542413600986E-02 KA=  1.9487335367833113E-02 SO4=  4.6714980974967207E-02
TRAJ K=2 P=2 M=1000 AL=  9.3082371902024396E-44 CA=  7.4561674483595353E-02 MG=  4.6873441670922798E-02 NA=  7.9700066929892691E-02 KA=  1.9589868294266490E-02 SO4=  4.9371984779973788E-02
M1000 K=2 P=2 AL=  9.30823719020243962E-44 CA=  7.45616744835953527E-02 MG=  4.68734416709227983E-02 NA=  7.97000669298926906E-02 KA=  1.95898682942664895E-02 SO4=  4.93719847799737876E-02
