BEGIN_BOUNDED_20_K=1
hydrogen   1.00000000000000005E-04
hydroxide   9.99999999999999912E-05
aluminum   1.77058086671893232E-07
iron   8.49437248823603454E-12
calcium   3.93349094929564339E-02
magnesium   1.84059198077216983E-02
sodium   2.99069097201462644E-02
potassium   9.97117696238482981E-03
sulfate   3.73940130650242883E-02
chloride   2.99999999999999989E-02
carbonate   4.88914599049841621E-05
bicarbonate   8.73061784017574311E-02
aluminum_monohydroxide   9.74767368236650936E-06
aluminum_dihydroxide   4.18773293811957399E-04
aluminum_trihydroxide   6.79679554991288151E-04
aluminum_tetrahydroxide   1.88242050942660820E-03
aluminum_sulfate   4.32536734881597879E-08
iron_monohydroxide   5.25655229096231222E-09
iron_dihydroxide   4.33600975341981090E-07
iron_trihydroxide   3.42107122601107810E-07
iron_tetrahydroxide   1.20690550768946788E-06
iron_sulfate   3.12241353576726891E-12
calcium_hydroxide   1.38015414224303432E-06
calcium_carbonate   3.95237766422875777E-05
calcium_bicarbonate   9.70028852139919948E-03
calcium_sulfate   1.13734494208921457E-03
magnesium_hydroxide   1.41556530274167303E-06
magnesium_carbonate   7.52823412360610161E-06
magnesium_bicarbonate   5.82704660227202875E-05
magnesium_sulfate   1.35330658562992029E-03
sodium_carbonate   9.88059766854918007E-06
sodium_sulfate   8.64691128455135342E-05
potassium_sulfate   2.88230376151711758E-05
phosphate   2.88407622449050458E-09
phosphoric_acid   2.88995615696181656E-07
iron_hydrogen_phosphate   3.55020256647524183E-13
iron_dihydrogen_phosphate   5.58759118839112666E-12
calcium_phosphate   9.99999999999999974E-49
calcium_hydrogen_phosphate   9.88335815907293730E-05
calcium_dihydrogen_phosphate   1.14785931670481174E-05
magnesium_hydrogen_phosphate   2.02478189206354789E-04
nh4_n   2.49574856582852944E-01
nh3_n   4.25143417146992843E-04
no3_n   7.50000000000000000E-01
hpo4_p   5.48020523779535473E-02
h2po4_p   1.35492397884487914E-01
co2_c   2.49446224005021228E-01
END_BOUNDED_20_K=1
BEGIN_OUTPUT_K=1
hydrogen   1.00000000000000005E-04
hydroxide   9.99999999999999912E-05
aluminum   1.59009776614140948E-07
iron   9.12457382308225400E-12
calcium   4.64508440952573209E-02
magnesium   1.86682277013337158E-02
sodium   2.99373441009621634E-02
potassium   9.96204145990776772E-03
sulfate   3.70518369662188457E-02
chloride   2.99999999999999989E-02
carbonate   4.88914599049841621E-05
bicarbonate   8.73061784017574311E-02
aluminum_monohydroxide   9.77150217714977503E-06
aluminum_dihydroxide   4.18796010475943768E-04
aluminum_trihydroxide   6.79724677534137667E-04
aluminum_tetrahydroxide   1.88235594649955673E-03
aluminum_sulfate   3.41972090056924011E-08
iron_monohydroxide   5.24405293040424516E-09
iron_dihydroxide   4.33547865786167223E-07
iron_trihydroxide   3.41623402043052743E-07
iron_tetrahydroxide   1.20745160339976606E-06
iron_sulfate   2.92867052718245403E-12
calcium_hydroxide   5.65621023183197408E-07
calcium_carbonate   5.02154434806992051E-05
calcium_bicarbonate   1.50099537737894946E-03
calcium_sulfate   2.23030571496070145E-03
magnesium_hydroxide   9.11686416320542627E-07
magnesium_carbonate   7.58654924657120115E-06
magnesium_bicarbonate   6.98318482693137377E-04
magnesium_sulfate   6.20284288480986196E-04
sodium_carbonate   6.33503958858421932E-06
sodium_sulfate   5.95802901095895788E-05
potassium_sulfate   3.79585400922389152E-05
phosphate   2.05719822302103092E-09
phosphoric_acid   2.01858387070635781E-05
iron_hydrogen_phosphate   1.52052073710526853E-12
iron_dihydrogen_phosphate   7.21939650753782643E-12
calcium_phosphate   9.99999999999999974E-49
calcium_hydrogen_phosphate   8.59736260717921586E-05
calcium_dihydrogen_phosphate   4.85918381441220598E-06
magnesium_hydrogen_phosphate   3.35901398363039761E-05
nh4_n   2.49574775295895612E-01
nh3_n   4.25224704104364419E-04
no3_n   7.50000000000000000E-01
hpo4_p   3.82095407947353818E-02
h2po4_p   1.57307522719865839E-01
co2_c   2.49446224005021228E-01
END_OUTPUT_K=1
BEGIN_BOUNDED_20_K=2
hydrogen   3.16227766016837953E-05
hydroxide   3.16227766016837939E-04
aluminum   9.42735200256837550E-44
iron   1.03447762977323840E-43
calcium   9.02558553930743884E-02
magnesium   3.90527281362670203E-02
sodium   7.98085192230304635E-02
potassium   1.99423539247696596E-02
sulfate   4.64083641122659332E-02
chloride   5.00000000000000028E-02
carbonate   4.88914599049841540E-04
bicarbonate   2.76086377554552564E-01
aluminum_monohydroxide   2.08869447234211252E-42
aluminum_dihydroxide   5.21217280211573150E-41
aluminum_trihydroxide   3.16098625965326608E-41
aluminum_tetrahydroxide   5.74636876626864677E-41
aluminum_sulfate   2.06479182065148406E-44
iron_monohydroxide   2.92310915459590006E-41
iron_dihydroxide   1.14584940515259608E-39
iron_trihydroxide   6.12034397402486721E-40
iron_tetrahydroxide   1.06849205192754893E-39
iron_sulfate   3.43994071626688453E-44
calcium_hydroxide   2.59418371712788244E-05
calcium_carbonate   6.79119329058306916E-04
calcium_bicarbonate   3.70899803794551763E-03
calcium_sulfate   7.05445379665365323E-03
magnesium_hydroxide   2.62309016204873982E-05
magnesium_carbonate   6.45862743803661733E-05
magnesium_bicarbonate   4.47040643964938256E-03
magnesium_sulfate   6.30659779015903515E-03
sodium_carbonate   1.05460702220700828E-04
sodium_sulfate   1.72938225691027068E-04
potassium_sulfate   5.76460752303423516E-05
phosphate   8.66478020529213571E-09
phosphoric_acid   1.77229108013606080E-06
iron_hydrogen_phosphate   2.67677221431477443E-44
iron_dihydrogen_phosphate   6.27387668131170871E-44
calcium_phosphate   9.99999999999999974E-49
calcium_hydrogen_phosphate   3.08112605192538695E-04
calcium_dihydrogen_phosphate   1.57022380837417437E-05
magnesium_hydrogen_phosphate   3.08112605192538695E-04
nh4_n   9.84675677061242483E-01
nh3_n   1.53243229387563726E-02
no3_n   2.00000000000000000E+00
hpo4_p   3.08092759120691728E-01
h2po4_p   1.72262280345104241E-01
co2_c   2.49446224005021228E-01
END_BOUNDED_20_K=2
BEGIN_OUTPUT_K=2
hydrogen   3.16227766016837953E-05
hydroxide   3.16227766016837939E-04
aluminum   9.54448491915537773E-44
iron   1.10506723763912905E-43
calcium   9.45299107895090501E-02
magnesium   4.72402427988375256E-02
sodium   7.70009182161701666E-02
potassium   1.84999548581245704E-02
sulfate   4.93667763851170088E-02
chloride   5.00000000000000028E-02
carbonate   4.88914599049841540E-04
bicarbonate   2.76086377554552564E-01
aluminum_monohydroxide   2.10412895171618782E-42
aluminum_dihydroxide   5.25077783840841184E-41
aluminum_trihydroxide   3.14931077503347396E-41
aluminum_tetrahydroxide   5.71766617683495979E-41
aluminum_sulfate   2.17724872747975052E-44
iron_monohydroxide   2.93175389823956096E-41
iron_dihydroxide   1.14773863450088583E-39
iron_trihydroxide   6.09694276277060091E-40
iron_tetrahydroxide   1.06879140768260877E-39
iron_sulfate   3.99720544771821076E-44
calcium_hydroxide   1.42637045056050581E-06
calcium_carbonate   8.85969115079931818E-04
calcium_bicarbonate   2.28597256425029909E-03
calcium_sulfate   4.06361969093146490E-03
magnesium_hydroxide   8.61279280004446507E-06
magnesium_carbonate   7.44907611338415006E-05
magnesium_bicarbonate   1.76143765343391497E-04
magnesium_sulfate   2.14918032394688851E-03
sodium_carbonate   1.65621476642900244E-04
sodium_sulfate   2.92037845812930050E-03
potassium_sulfate   1.50004514187542957E-03
phosphate   3.08669866760054443E-09
phosphoric_acid   4.53461610140137379E-06
iron_hydrogen_phosphate   4.68401750240606477E-45
iron_dihydrogen_phosphate   1.37279448995190362E-43
calcium_phosphate   9.99999999999999974E-49
calcium_hydrogen_phosphate   1.19534359980930262E-04
calcium_dihydrogen_phosphate   1.61750346977251240E-04
magnesium_hydrogen_phosphate   5.79991705207272539E-04
nh4_n   9.99154965928767957E-01
nh3_n   8.45034071221417368E-04
no3_n   2.00000000000000000E+00
hpo4_p   1.13370614910492065E-01
h2po4_p   3.59789147525577169E-01
co2_c   2.49446224005021228E-01
END_OUTPUT_K=2
