1/52 module_index.test_0...OK
2/52 index.atmosphere_test_index.test_0...OK
3/52 index.canopy_test_index.test_0...OK
4/52 index.chemistry_test_index.test_0...OK
5/52 index.core_test_index.test_0...OK
6/52 index.driver_test_index.test_0...OK
7/52 index.erosion_test_index.test_0...OK
8/52 index.grid_cell_test_index.test_0...OK
9/52 index.io_test_index.test_0...OK
10/52 index.management_test_index.test_0...OK
11/52 index.plant_test_index.test_0...OK
12/52 index.redistribution_test_index.test_0...OK
13/52 index.soil_test_index.test_0...OK
14/52 index.state_test_index.test_0...OK
15/52 index.surface_test_index.test_0...OK
16/52 index.transport_test_index.test_0...OK
17/52 index.validation_test_index.test_0...OK
18/52 validation.landscape_boundary_balance.test_0...OK
19/52 validation.landscape_mass_inventory.test_0...OK
20/52 validation.mass_balance_audit.test_0...OK
21/52 validation.soil_water_retention_validation.test_0...OK
22/52 surface.litter_chemistry.test_0...OK
23/52 state.grid_environment.test_0...OK
24/52 state.plant_assignment.test_0...OK
25/52 state.topography.test_0...OK
26/52 soil.gas.coupled_gas_solver.test_0...OK
27/52 soil.chemistry.snow_initialization.test.T-00060 matched-state STARTE oracle test for K=1 and K=2 dynamic inputs...
--- K=1 PRODUCTION RELATIVE DIFFERENCES ---
K1 primary[5] (nh4_n): exp=2.495747752958956e-1 act=2.495746494051277e-1 rel=5.044210408367553e-7
K1 primary[6] (nh3_n): exp=4.252247041043644e-4 act=4.2535059487200236e-4 rel=2.9605704095462604e-4
K1 aluminum: exp=1.5900977661414095e-7 act=1.4835799469326032e-7 rel=6.698822014402696e-2
K1 calcium: exp=4.645084409525732e-2 act=4.5248775027124065e-2 rel=2.5878304077061723e-2
K1 magnesium: exp=1.8668227701333716e-2 act=1.763188690750892e-2 rel=5.5513614382941924e-2
K1 sodium: exp=2.9937344100962163e-2 act=2.9995757552504252e-2 rel=1.9511901705472694e-3
K1 potassium: exp=9.962041459907768e-3 act=9.988371773481558e-3 rel=2.643064042621815e-3
K1 sulfate: exp=3.7051836966218846e-2 act=3.513837028960202e-2 rel=5.1642963839050315e-2

--- K=2 PRODUCTION RELATIVE DIFFERENCES ---
K2 primary[5] (nh4_n): exp=9.99154965928768e-1 act=9.99155126463944e-1 rel=1.6067094846713276e-7
K2 primary[6] (nh3_n): exp=8.450340712214174e-4 act=8.448735360465447e-4 rel=1.8997479550216526e-4
K2 calcium: exp=9.452991078950905e-2 act=9.49418905857541e-2 rel=4.358195123683227e-3
K2 magnesium: exp=4.7240242798837526e-2 act=4.6463945356524726e-2 rel=1.643296893325668e-2
K2 sodium: exp=7.700091821617017e-2 act=7.959118577467864e-2 rel=3.363943727575593e-2
K2 potassium: exp=1.849995485812457e-2 act=1.967526000294625e-2 rel=6.353016284823663e-2
K2 sulfate: exp=4.936677638511701e-2 act=5.3147039882630774e-2 rel=7.657505258239691e-2
OK
28/52 soil.organic.combustion.test_0...OK
29/52 soil.nutrients.fertilizer_dissolution.test_0...OK
30/52 soil.heat.solver.test_0...OK
31/52 soil.profile.relayering.test_0...OK
32/52 soil.water.solver.test_0...OK
33/52 soil.solute.carboxyl_exchange.test_0...OK
34/52 soil.solute.cation_exchange.test_0...OK
35/52 soil.solute.reaction_solver.test_0...OK
36/52 soil.solute.water_equilibrium.test_0...OK
37/52 soil.solute.reaction_solver_tests.test_0...OK
38/52 soil.gas.coupled_gas_solver_tests.test_0...OK
39/52 plant.root.plant_root_disturbance.test_0...OK
40/52 plant.root.plant_root_metabolism.test_0...OK
41/52 plant.root.plant_root_nutrient_uptake.test_0...OK
42/52 plant.root.plant_root_system.test_0...OK
43/52 plant.growth.storage_remobilization.test_0...OK
44/52 plant.growth.shoot_growth_runtime.test_0...OK
45/52 validation.plant_root_metabolism_test.test_0...OK
46/52 management.land_management.test_0...OK
47/52 management.plant_harvest_runtime.test_0...OK
48/52 io.input.cell_grid_file.test_0...OK
49/52 validation.plant_harvest_runtime_test.test_0...OK
50/52 driver.runscript.test_0...OK
51/52 canopy.photosynthesis.photosynthesis.test_0...OK
52/52 validation.canopy_photosynthesis_test.test_0...OK
All 52 tests passed.
