1/52 module_index.test_0...OK
2/52 index.atmosphere_test_index.test_0...OK
3/52 index.canopy_test_index.test_0...OK
4/52 index.chemistry_test_index.test_0...OK
5/52 index.core_test_index.test_0...OK
6/52 index.driver_test_index.test_0...OK
7/52 index.erosion_test_index.test_0...OK
8/52 index.grid_cell_test_index.test_0...OK
9/52 index.io_test_index.test_0...OK
10/52 index.management_test_index.test_0...OK
11/52 index.plant_test_index.test_0...OK
12/52 index.redistribution_test_index.test_0...OK
13/52 index.soil_test_index.test_0...OK
14/52 index.state_test_index.test_0...OK
15/52 index.surface_test_index.test_0...OK
16/52 index.transport_test_index.test_0...OK
17/52 index.validation_test_index.test_0...OK
18/52 validation.landscape_boundary_balance.test_0...OK
19/52 validation.landscape_mass_inventory.test_0...OK
20/52 validation.mass_balance_audit.test_0...OK
21/52 validation.soil_water_retention_validation.test_0...OK
22/52 surface.litter_chemistry.test_0...OK
23/52 state.grid_environment.test_0...OK
24/52 state.plant_assignment.test_0...OK
25/52 state.topography.test_0...OK
26/52 soil.gas.coupled_gas_solver.test_0...OK
27/52 soil.chemistry.snow_initialization.test.T-00060 matched-state STARTE oracle test for K=1 and K=2 dynamic inputs...
--- K=1 PRODUCTION RELATIVE DIFFERENCES ---
K1 primary[5] (nh4_n): exp=2.495747752958956e-1 act=2.495746494051277e-1 rel=5.044210408367553e-7
K1 primary[6] (nh3_n): exp=4.252247041043644e-4 act=4.2535059487200236e-4 rel=2.9605704095462604e-4
K1 aluminum: exp=1.5900977661414095e-7 act=1.4835799469326032e-7 rel=6.698822014402696e-2
K1 calcium: exp=4.645084409525732e-2 act=4.5248775027124065e-2 rel=2.5878304077061723e-2
K1 magnesium: exp=1.8668227701333716e-2 act=1.763188690750892e-2 rel=5.5513614382941924e-2
K1 sodium: exp=2.9937344100962163e-2 act=2.9995757552504252e-2 rel=1.9511901705472694e-3
K1 potassium: exp=9.962041459907768e-3 act=9.988371773481558e-3 rel=2.643064042621815e-3
K1 sulfate: exp=3.7051836966218846e-2 act=3.513837028960202e-2 rel=5.1642963839050315e-2

--- K=1 TRAJECTORY M=980..1000 ---
M=980 Ca=4.107981957063526e-2 Mg=1.8707831142486666e-2 Al=1.7218062941695134e-7 NH4=2.495744450960574e-1
M=981 Ca=4.291100654274027e-2 Mg=1.897204868359074e-2 Al=1.6261315705970898e-7 NH4=2.4957455519275434e-1
M=982 Ca=4.4393557046589656e-2 Mg=1.9183422716474004e-2 Al=1.395388247741403e-7 NH4=2.4957465051796918e-1
M=983 Ca=4.534043017392837e-2 Mg=1.935252194278061e-2 Al=1.6697413889850782e-7 NH4=2.495747268059645e-1
M=984 Ca=4.633709595154014e-2 Mg=1.9477526726783146e-2 Al=1.7326186514041304e-7 NH4=2.4957477453239477e-1
M=985 Ca=4.709680866858787e-2 Mg=1.5646899884283076e-2 Al=1.5750416241778697e-7 NH4=2.4957482867795538e-1
M=986 Ca=4.774219874726774e-2 Mg=1.652330367702787e-2 Al=1.7214816634380033e-7 NH4=2.4957464885540726e-1
M=987 Ca=4.824090988433886e-2 Mg=1.7224426711223706e-2 Al=1.337929033270655e-7 NH4=2.4957472631824054e-1
M=988 Ca=4.865747971986853e-2 Mg=1.7785325138580374e-2 Al=1.7565427835679714e-7 NH4=2.4957478637074132e-1
M=989 Ca=4.4581249159039174e-2 Mg=1.823404388046571e-2 Al=1.649877634139521e-7 NH4=2.4957483494494223e-1
M=990 Ca=4.569717491207991e-2 Mg=1.8593018873973976e-2 Al=1.7215696961428628e-7 NH4=2.495746384869794e-1
M=991 Ca=4.203320339122845e-2 Mg=1.8860052998953977e-2 Al=1.3392375719992118e-7 NH4=2.4957471715453927e-1
M=992 Ca=4.369131452538021e-2 Mg=1.9083533662776618e-2 Al=1.7541353195462662e-7 NH4=2.4957468672837047e-1
M=993 Ca=4.5000202506978636e-2 Mg=1.903213012491787e-2 Al=1.647133848317869e-7 NH4=2.4957475537418677e-1
M=994 Ca=4.606491381798035e-2 Mg=1.9231487869535706e-2 Al=1.722967217115447e-7 NH4=2.495747962346891e-1
M=995 Ca=4.6666272186321224e-2 Mg=1.9390974065229973e-2 Al=1.233243491824783e-7 NH4=2.495748457246241e-1
M=996 Ca=4.7397769561454424e-2 Mg=1.6241011232944032e-2 Al=1.7816810860785494e-7 NH4=2.495748691451981e-1
M=997 Ca=4.13230888901594e-2 Mg=1.6998592755956634e-2 Al=1.6670644804295979e-7 NH4=2.4957483921735293e-1
M=998 Ca=4.312322292452496e-2 Mg=1.7604657974366715e-2 Al=1.733043879125909e-7 NH4=2.4957452013924997e-1
M=999 Ca=4.454572922637114e-2 Mg=1.7032628922384392e-2 Al=1.6319203994298958e-7 NH4=2.495746249317533e-1
M=1000 Ca=4.5248775027124065e-2 Mg=1.763188690750892e-2 Al=1.4835799469326032e-7 NH4=2.495746494051277e-1

--- K=2 PRODUCTION RELATIVE DIFFERENCES ---
K2 primary[5] (nh4_n): exp=9.99154965928768e-1 act=9.99155126463944e-1 rel=1.6067094846713276e-7
K2 primary[6] (nh3_n): exp=8.450340712214174e-4 act=8.448735360465447e-4 rel=1.8997479550216526e-4
K2 calcium: exp=9.452991078950905e-2 act=9.49418905857541e-2 rel=4.358195123683227e-3
K2 magnesium: exp=4.7240242798837526e-2 act=4.6463945356524726e-2 rel=1.643296893325668e-2
K2 sodium: exp=7.700091821617017e-2 act=7.959118577467864e-2 rel=3.363943727575593e-2
K2 potassium: exp=1.849995485812457e-2 act=1.967526000294625e-2 rel=6.353016284823663e-2
K2 sulfate: exp=4.936677638511701e-2 act=5.3147039882630774e-2 rel=7.657505258239691e-2

--- K=2 TRAJECTORY M=980..1000 ---
K2 M=980 Ca=9.24894628573824e-2 Mg=4.496651481673995e-2 Na=7.995681717126811e-2 K=1.9461664064737864e-2 SO4=4.8611471659882374e-2 NH4=9.991550832478103e-1
K2 M=981 Ca=9.433794177625232e-2 Mg=4.591083716030395e-2 Na=7.998283736720295e-2 K=1.956933125179029e-2 SO4=5.088917732790591e-2 NH4=9.991549792117832e-1
K2 M=982 Ca=9.56353790942682e-2 Mg=4.5916130652945863e-2 Na=8.000365352395082e-2 K=1.9655465001432226e-2 SO4=5.271134186232474e-2 NH4=9.991551539272827e-1
K2 M=983 Ca=8.103958845583364e-2 Mg=4.6778636951810476e-2 Na=7.990895581817256e-2 K=1.972437200114578e-2 SO4=5.4169073489859804e-2 NH4=9.991552302566999e-1
K2 M=984 Ca=8.449874342907256e-2 Mg=4.237368273344463e-2 Na=7.994454828472651e-2 K=1.977949760091662e-2 SO4=5.533525879188785e-2 NH4=9.991549438310453e-1
K2 M=985 Ca=7.619759538598395e-2 Mg=4.394467861620949e-2 Na=6.89039959626118e-2 K=1.9823598080733293e-2 SO4=3.363468063107925e-2 NH4=9.991549465747361e-1
K2 M=986 Ca=8.136771295622311e-2 Mg=4.520147532242137e-2 Na=7.11405804002779e-2 K=1.985887846458663e-2 SO4=3.890774450486341e-2 NH4=9.991539063706618e-1
K2 M=987 Ca=8.29347980893662e-2 Mg=4.609933843139708e-2 Na=7.292984795041078e-2 K=1.98871027716693e-2 SO4=4.3126195603890735e-2 NH4=9.991543128598076e-1
K2 M=988 Ca=8.675747511892891e-2 Mg=4.6925203174571446e-2 Na=7.424991135934053e-2 K=1.990968221733544e-2 SO4=4.6500956483112595e-2 NH4=9.99154536571685e-1
K2 M=989 Ca=8.959447043605462e-2 Mg=4.629768861564958e-2 Na=7.541731271766089e-2 K=1.9927745773868348e-2 SO4=4.791255883302872e-2 NH4=9.991548083588836e-1
K2 M=990 Ca=9.18445101057932e-2 Mg=4.708388332197345e-2 Na=7.635123380431717e-2 K=1.9942196619094674e-2 SO4=5.033004706642299e-2 NH4=9.991549256839678e-1
K2 M=991 Ca=9.362498525762207e-2 Mg=4.771283908703254e-2 Na=7.70983706736422e-2 K=1.9953757295275737e-2 SO4=5.22640376531384e-2 NH4=9.991551080540854e-1
K2 M=992 Ca=9.530962485353361e-2 Mg=4.810619987117812e-2 Na=7.769608016910222e-2 K=1.9963005836220585e-2 SO4=5.3811230122510725e-2 NH4=9.991552521204863e-1
K2 M=993 Ca=8.422189372584794e-2 Mg=4.767734695336393e-2 Na=7.806289713429368e-2 K=1.9970404668976465e-2 SO4=4.3718229798986374e-2 NH4=9.99155371851576e-1
K2 M=994 Ca=8.778715162811432e-2 Mg=4.818760999214493e-2 Na=7.84677013376234e-2 K=1.997632373518117e-2 SO4=4.697458383918911e-2 NH4=9.991545532597971e-1
K2 M=995 Ca=8.180064250951241e-2 Mg=3.90746655860708e-2 Na=7.879154470028718e-2 K=1.9981058988144933e-2 SO4=4.0058512234252365e-2 NH4=9.991548220429436e-1
K2 M=996 Ca=8.585015065504589e-2 Mg=4.1305464898310426e-2 Na=7.90506193904182e-2 K=1.9984847190515943e-2 SO4=4.40468097874019e-2 NH4=9.991541198979123e-1
K2 M=997 Ca=8.887061180379399e-2 Mg=4.309010434810213e-2 Na=7.925787914252302e-2 K=1.936574219325441e-2 SO4=4.661531227076319e-2 NH4=9.991544801388781e-1
K2 M=998 Ca=9.126742413883047e-2 Mg=4.43462921617311e-2 Na=7.931233631303032e-2 K=1.9492593754603525e-2 SO4=4.929224981661056e-2 NH4=9.99154733726461e-1
K2 M=999 Ca=9.316531742289767e-2 Mg=4.552276615883867e-2 Na=7.946725268061272e-2 K=1.9594075003682817e-2 SO4=5.1433799853288456e-2 NH4=9.991549501086863e-1
K2 M=1000 Ca=9.49418905857541e-2 Mg=4.6463945356524726e-2 Na=7.959118577467864e-2 K=1.967526000294625e-2 SO4=5.3147039882630774e-2 NH4=9.99155126463944e-1
OK
28/52 soil.organic.combustion.test_0...OK
29/52 soil.nutrients.fertilizer_dissolution.test_0...OK
30/52 soil.heat.solver.test_0...OK
31/52 soil.profile.relayering.test_0...OK
32/52 soil.water.solver.test_0...OK
33/52 soil.solute.carboxyl_exchange.test_0...OK
34/52 soil.solute.cation_exchange.test_0...OK
35/52 soil.solute.reaction_solver.test_0...OK
36/52 soil.solute.water_equilibrium.test_0...OK
37/52 soil.solute.reaction_solver_tests.test_0...OK
38/52 soil.gas.coupled_gas_solver_tests.test_0...OK
39/52 plant.root.plant_root_disturbance.test_0...OK
40/52 plant.root.plant_root_metabolism.test_0...OK
41/52 plant.root.plant_root_nutrient_uptake.test_0...OK
42/52 plant.root.plant_root_system.test_0...OK
43/52 plant.growth.storage_remobilization.test_0...OK
44/52 plant.growth.shoot_growth_runtime.test_0...OK
45/52 validation.plant_root_metabolism_test.test_0...OK
46/52 management.land_management.test_0...OK
47/52 management.plant_harvest_runtime.test_0...OK
48/52 io.input.cell_grid_file.test_0...OK
49/52 validation.plant_harvest_runtime_test.test_0...OK
50/52 driver.runscript.test_0...OK
51/52 canopy.photosynthesis.photosynthesis.test_0...OK
52/52 validation.canopy_photosynthesis_test.test_0...OK
All 52 tests passed.
