BEGIN_OUTPUT_K=1
hydrogen   1.00000000000000005E-04
hydroxide   9.99999999999999912E-05
aluminum   1.33444646274471695E-01
iron   5.05132790848873206E-02
calcium   4.74995997492602615E-02
magnesium   1.61804622189461456E-02
sodium   2.99979273473880009E-02
potassium   9.98699686416146606E-03
sulfate   7.63101886644050424E-03
chloride   2.99999999999999989E-02
carbonate   4.88914599049841621E-05
bicarbonate   8.73061784017574311E-02
aluminum_monohydroxide   9.01957898476815778E+00
aluminum_dihydroxide   3.90814884846259247E+02
aluminum_trihydroxide   1.65442392958771734E+03
aluminum_tetrahydroxide   1.36868660798972796E+04
aluminum_sulfate   1.23118919666527406E-02
iron_monohydroxide   5.93996640827195961E+01
iron_dihydroxide   4.17428011676306505E+03
iron_trihydroxide   1.64609053497942368E+04
iron_tetrahydroxide   1.37074211248279491E+05
iron_sulfate   1.41679844134715380E-02
calcium_hydroxide   2.15768500028107890E-06
calcium_carbonate   5.58324466432211502E-05
calcium_bicarbonate   5.11859763514518895E-04
calcium_sulfate   2.22981495639258199E-03
magnesium_hydroxide   1.65834793064454214E-05
magnesium_carbonate   2.59483221549136147E-06
magnesium_bicarbonate   1.26254061235108741E-04
magnesium_sulfate   3.64368703685987588E-03
sodium_carbonate   2.73245892799259458E-06
sodium_sulfate   2.59962434437341984E-06
potassium_sulfate   1.30031358385278420E-05
phosphate   4.25093006201698757E-10
phosphoric_acid   3.87163141960258719E-08
iron_hydrogen_phosphate   1.99231011128714585E-04
iron_dihydrogen_phosphate   5.19462674230078154E-03
calcium_phosphate   9.99999999999999974E-49
calcium_hydrogen_phosphate   2.01758624997695242E-05
calcium_dihydrogen_phosphate   4.31859867662660141E-06
magnesium_hydrogen_phosphate   5.93372194439511675E-05
nh4_n   2.49565941758700671E-01
nh3_n   4.34058241299332102E-04
no3_n   7.50000000000000000E-01
hpo4_p   7.62698450688621948E-03
h2po4_p   2.25634296539456922E-02
co2_c   2.49446224005021228E-01
END_OUTPUT_K=1
BEGIN_OUTPUT_K=2
hydrogen   3.16227766016837953E-05
hydroxide   3.16227766016837939E-04
aluminum   9.99999999999999974E-49
iron   1.79279031666416371E-48
calcium   9.45299107895090501E-02
magnesium   4.72402427988375256E-02
sodium   7.70009182161701666E-02
potassium   1.84999548581245704E-02
sulfate   4.93667763851170088E-02
chloride   5.00000000000000028E-02
carbonate   4.88914599049841540E-04
bicarbonate   2.76086377554552564E-01
aluminum_monohydroxide   3.40580555020456785E-48
aluminum_dihydroxide   7.56082535126858771E-47
aluminum_trihydroxide   4.45265249049119243E-47
aluminum_tetrahydroxide   8.06606142837055633E-47
aluminum_sulfate   9.99999999999999974E-49
iron_monohydroxide   4.81715359266967813E-48
iron_dihydroxide   1.22994775536819494E-46
iron_trihydroxide   1.17486589492391891E-46
iron_tetrahydroxide   1.10873955759649455E-46
iron_sulfate   9.99999999999999974E-49
calcium_hydroxide   1.42637045056050581E-06
calcium_carbonate   8.85969115079931818E-04
calcium_bicarbonate   2.28597256425029909E-03
calcium_sulfate   4.06361969093146490E-03
magnesium_hydroxide   8.61279280004446507E-06
magnesium_carbonate   7.44907611338415006E-05
magnesium_bicarbonate   1.76143765343391497E-04
magnesium_sulfate   2.14918032394688851E-03
sodium_carbonate   1.65621476642900244E-04
sodium_sulfate   2.92037845812930050E-03
potassium_sulfate   1.50004514187542957E-03
phosphate   3.08669866760054443E-09
phosphoric_acid   4.53461610140137379E-06
iron_hydrogen_phosphate   9.99999999999999974E-49
iron_dihydrogen_phosphate   4.20953072911555559E-48
calcium_phosphate   9.99999999999999974E-49
calcium_hydrogen_phosphate   1.19534359980930262E-04
calcium_dihydrogen_phosphate   1.61750346977251240E-04
magnesium_hydrogen_phosphate   5.79991705207272539E-04
nh4_n   9.99154965928767957E-01
nh3_n   8.45034071221417368E-04
no3_n   2.00000000000000000E+00
hpo4_p   1.13370614910492065E-01
h2po4_p   3.59789147525577169E-01
co2_c   2.49446224005021228E-01
END_OUTPUT_K=2
