 STEP0 CAL1=   1.9000000000000005E-009
 STEP0 CCA1=   5.0000000000000003E-002
 STEP0 CMG1=   2.0000000000000000E-002
 STEP0 CSO41=   4.0000000000000001E-002
 STEP0 CCO21=   2.0787185333751769E-002
 STEP0 CCO31=   4.8891459904984162E-005
 STEP0 CHCO31=   8.7306178401757431E-002
 STEP0 CH1P1=   2.4691109447201025E-003
 STEP0 CH2P1=   3.9824370076130683E-003
 M1 CSTR1=   3.4296354835203625E-004
 M1 A1S=  0.97899392539215269     
 M1 A2S=  0.91858635114119425     
 M1 A3S=  0.82607594016885821     
 M_LOOP M=           1  CMG1=   1.5502183256804726E-002  CAL1=   6.3011868209787814E-009
 M_LOOP M=           2  CMG1=   1.6407530375045189E-002  CAL1=   2.0930108559683946E-008
 M_LOOP M=           3  CMG1=   1.4557423059720364E-002  CAL1=   4.1979414257218959E-008
 M_LOOP M=           4  CMG1=   1.5651722217377699E-002  CAL1=   1.0741695322737733E-007
 M_LOOP M=           5  CMG1=   1.6527161543503567E-002  CAL1=   1.1848146641717840E-007
BEGIN_OUTPUT_K=1
hydrogen   1.00000000000000005E-04
hydroxide   9.99999999999999912E-05
aluminum   1.59009776614140948E-07
iron   9.12457382308225400E-12
calcium   4.64508440952573209E-02
magnesium   1.86682277013337158E-02
sodium   2.99373441009621634E-02
potassium   9.96204145990776772E-03
sulfate   3.70518369662188457E-02
chloride   2.99999999999999989E-02
carbonate   4.88914599049841621E-05
bicarbonate   8.73061784017574311E-02
aluminum_monohydroxide   9.77150217714977503E-06
aluminum_dihydroxide   4.18796010475943768E-04
aluminum_trihydroxide   6.79724677534137667E-04
aluminum_tetrahydroxide   1.88235594649955673E-03
aluminum_sulfate   3.41972090056924011E-08
iron_monohydroxide   5.24405293040424516E-09
iron_dihydroxide   4.33547865786167223E-07
iron_trihydroxide   3.41623402043052743E-07
iron_tetrahydroxide   1.20745160339976606E-06
iron_sulfate   2.92867052718245403E-12
calcium_hydroxide   5.65621023183197408E-07
calcium_carbonate   5.02154434806992051E-05
calcium_bicarbonate   1.50099537737894946E-03
calcium_sulfate   2.23030571496070145E-03
magnesium_hydroxide   9.11686416320542627E-07
magnesium_carbonate   7.58654924657120115E-06
magnesium_bicarbonate   6.98318482693137377E-04
magnesium_sulfate   6.20284288480986196E-04
sodium_carbonate   6.33503958858421932E-06
sodium_sulfate   5.95802901095895788E-05
potassium_sulfate   3.79585400922389152E-05
phosphate   2.05719822302103092E-09
phosphoric_acid   2.01858387070635781E-05
iron_hydrogen_phosphate   1.52052073710526853E-12
iron_dihydrogen_phosphate   7.21939650753782643E-12
calcium_phosphate   9.99999999999999974E-49
calcium_hydrogen_phosphate   8.59736260717921586E-05
calcium_dihydrogen_phosphate   4.85918381441220598E-06
magnesium_hydrogen_phosphate   3.35901398363039761E-05
nh4_n   2.49574775295895612E-01
nh3_n   4.25224704104364419E-04
no3_n   7.50000000000000000E-01
hpo4_p   3.82095407947353818E-02
h2po4_p   1.57307522719865839E-01
co2_c   2.49446224005021228E-01
END_OUTPUT_K=1
BEGIN_OUTPUT_K=2
hydrogen   3.16227766016837953E-05
hydroxide   3.16227766016837939E-04
aluminum   9.54448491915537773E-44
iron   1.10506723763912905E-43
calcium   9.45299107895090501E-02
magnesium   4.72402427988375256E-02
sodium   7.70009182161701666E-02
potassium   1.84999548581245704E-02
sulfate   4.93667763851170088E-02
chloride   5.00000000000000028E-02
carbonate   4.88914599049841540E-04
bicarbonate   2.76086377554552564E-01
aluminum_monohydroxide   2.10412895171618782E-42
aluminum_dihydroxide   5.25077783840841184E-41
aluminum_trihydroxide   3.14931077503347396E-41
aluminum_tetrahydroxide   5.71766617683495979E-41
aluminum_sulfate   2.17724872747975052E-44
iron_monohydroxide   2.93175389823956096E-41
iron_dihydroxide   1.14773863450088583E-39
iron_trihydroxide   6.09694276277060091E-40
iron_tetrahydroxide   1.06879140768260877E-39
iron_sulfate   3.99720544771821076E-44
calcium_hydroxide   1.42637045056050581E-06
calcium_carbonate   8.85969115079931818E-04
calcium_bicarbonate   2.28597256425029909E-03
calcium_sulfate   4.06361969093146490E-03
magnesium_hydroxide   8.61279280004446507E-06
magnesium_carbonate   7.44907611338415006E-05
magnesium_bicarbonate   1.76143765343391497E-04
magnesium_sulfate   2.14918032394688851E-03
sodium_carbonate   1.65621476642900244E-04
sodium_sulfate   2.92037845812930050E-03
potassium_sulfate   1.50004514187542957E-03
phosphate   3.08669866760054443E-09
phosphoric_acid   4.53461610140137379E-06
iron_hydrogen_phosphate   4.68401750240606477E-45
iron_dihydrogen_phosphate   1.37279448995190362E-43
calcium_phosphate   9.99999999999999974E-49
calcium_hydrogen_phosphate   1.19534359980930262E-04
calcium_dihydrogen_phosphate   1.61750346977251240E-04
magnesium_hydrogen_phosphate   5.79991705207272539E-04
nh4_n   9.99154965928767957E-01
nh3_n   8.45034071221417368E-04
no3_n   2.00000000000000000E+00
hpo4_p   1.13370614910492065E-01
h2po4_p   3.59789147525577169E-01
co2_c   2.49446224005021228E-01
END_OUTPUT_K=2
