1/51 module_index.test_0...OK
2/51 index.atmosphere_test_index.test_0...OK
3/51 index.canopy_test_index.test_0...OK
4/51 index.chemistry_test_index.test_0...OK
5/51 index.core_test_index.test_0...OK
6/51 index.driver_test_index.test_0...OK
7/51 index.erosion_test_index.test_0...OK
8/51 index.grid_cell_test_index.test_0...OK
9/51 index.io_test_index.test_0...OK
10/51 index.management_test_index.test_0...OK
11/51 index.plant_test_index.test_0...OK
12/51 index.redistribution_test_index.test_0...OK
13/51 index.soil_test_index.test_0...OK
14/51 index.state_test_index.test_0...OK
15/51 index.surface_test_index.test_0...OK
16/51 index.transport_test_index.test_0...OK
17/51 index.validation_test_index.test_0...OK
18/51 validation.landscape_boundary_balance.test_0...OK
19/51 validation.landscape_mass_inventory.test_0...OK
20/51 validation.mass_balance_audit.test_0...OK
21/51 validation.soil_water_retention_validation.test_0...OK
22/51 surface.litter_chemistry.test_0...OK
23/51 state.grid_environment.test_0...OK
24/51 state.plant_assignment.test_0...OK
25/51 state.topography.test_0...OK
26/51 soil.gas.coupled_gas_solver.test_0...OK
27/51 soil.organic.combustion.test_0...OK
28/51 soil.nutrients.fertilizer_dissolution.test_0...OK
29/51 soil.heat.solver.test_0...OK
30/51 soil.profile.relayering.test_0...OK
31/51 soil.water.solver.test_0...OK
32/51 soil.solute.carboxyl_exchange.test_0...OK
33/51 soil.solute.cation_exchange.test_0...OK
34/51 soil.solute.reaction_solver.test_0...OK
35/51 soil.solute.water_equilibrium.test_0...OK
36/51 soil.solute.reaction_solver_tests.test_0...OK
37/51 soil.gas.coupled_gas_solver_tests.test_0...OK
38/51 plant.root.plant_root_disturbance.test_0...OK
39/51 plant.root.plant_root_metabolism.test_0...OK
40/51 plant.root.plant_root_nutrient_uptake.test_0...OK
41/51 plant.root.plant_root_system.test_0...OK
42/51 plant.growth.storage_remobilization.test_0...OK
43/51 plant.growth.shoot_growth_runtime.test_0...OK
44/51 validation.plant_root_metabolism_test.test_0...OK
45/51 management.land_management.test_0...OK
46/51 management.plant_harvest_runtime.test_0...OK
47/51 io.input.cell_grid_file.test_0...OK
48/51 validation.plant_harvest_runtime_test.test_0...OK
49/51 driver.runscript.test_0...OK
50/51 canopy.photosynthesis.photosynthesis.test_0...OK
51/51 validation.canopy_photosynthesis_test.test_0...OK
All 51 tests passed.
